Total Categories: 899
Unified Groups: 8
------------------------------------------------

Group: Other (697 items)
  - [carrefour_am] amen inch toneri hamar (Amen inch toneri hamar) [193 products]
  - [carrefour_am] new year (new year) [162 products]
  - [carrefour_am] promotions (promotions) [600 products]
  - [carrefour_am] 65 th anniversary (65 th anniversary) [78 products]
  - [carrefour_am] exclusive assortment (exclusive assortment) [41 products]
  - [carrefour_am] poultry (poultry) [36 products]
  - [carrefour_am] fish and seafood (fish and seafood) [41 products]
  - [carrefour_am] fresh fish (fresh fish) [13 products]
  - [carrefour_am] smoked fish (smoked fish) [7 products]
  - [carrefour_am] imported smoked fish (imported smoked fish) [5 products]
  - [carrefour_am] smoked fish locally (smoked fish locally) [1 products]
  - [carrefour_am] packaged fish and seafood (packaged fish and seafood) [18 products]
  - [carrefour_am] packaged fish (packaged fish) [13 products]
  - [carrefour_am] packaged seafood (packaged seafood) [9 products]
  - [carrefour_am] caviar (caviar) [4 products]
  - [carrefour_am] caviar imported (caviar imported) [3 products]
  - [carrefour_am] local (local) [20 products]
  - [carrefour_am] tropical (tropical) [27 products]
  - [carrefour_am] citrusy (citrusy) [9 products]
  - [carrefour_am] berries (berries) [12 products]
  - [carrefour_am] green (green) [25 products]
  - [carrefour_am] high in fat (high in fat) [21 products]
  - [carrefour_am] low fat (low fat) [9 products]
  - [carrefour_am] kefir (kefir) [14 products]
  - [carrefour_am] butter spread margarine (butter spread margarine) [50 products]
  - [carrefour_am] butter (butter) [42 products]
  - [carrefour_am] spread (spread) [4 products]
  - [carrefour_am] margarine (margarine) [4 products]
  - [carrefour_am] egg (egg) [42 products]
  - [carrefour_am] quail egg (quail egg) [1 products]
  - [carrefour_am] panirner halac ev katnashorayin (panirner halac ev katnashorayin) [63 products]
  - [carrefour_am] sausage (sausage) [112 products]
  - [carrefour_am] boiled sausage (boiled sausage) [55 products]
  - [carrefour_am] smoked sausage (smoked sausage) [39 products]
  - [carrefour_am] packaged sausage (packaged sausage) [4 products]
  - [carrefour_am] frankfurter (frankfurter) [31 products]
  - [carrefour_am] sausage assortment (sausage assortment) [15 products]
  - [carrefour_am] sausage pan (sausage pan) [3 products]
  - [carrefour_am] basturma and sujukh (basturma and sujukh) [12 products]
  - [carrefour_am] basturma (basturma) [7 products]
  - [carrefour_am] sujukh (sujukh) [4 products]
  - [carrefour_am] delicacy (delicacy) [28 products]
  - [carrefour_am] fillet (fillet) [11 products]
  - [carrefour_am] bacon (bacon) [5 products]
  - [carrefour_am] salo (salo) [1 products]
  - [carrefour_am] roll (roll) [2 products]
  - [carrefour_am] neck fillet (neck fillet) [1 products]
  - [carrefour_am] sandwich (sandwich) [8 products]
  - [carrefour_am] lavash and loshik (lavash and loshik) [20 products]
  - [carrefour_am] bun (bun) [5 products]
  - [carrefour_am] croissant and rolls (croissant and rolls) [4 products]
  - [carrefour_am] gata (gata) [1 products]
  - [carrefour_am] pastries and cakes (pastries and cakes) [17 products]
  - [carrefour_am] cakes (cakes) [12 products]
  - [carrefour_am] crackers and pretzels (crackers and pretzels) [35 products]
  - [carrefour_am] crackers (crackers) [32 products]
  - [carrefour_am] pretzels (pretzels) [2 products]
  - [carrefour_am] tobacco and accessories (tobacco and accessories) [510 products]
  - [carrefour_am] tobacco products (tobacco products) [469 products]
  - [carrefour_am] cigarette (cigarette) [359 products]
  - [carrefour_am] cigar (cigar) [1 products]
  - [carrefour_am] electronic cigarettes (electronic cigarettes) [107 products]
  - [carrefour_am] cigarette accessories (cigarette accessories) [52 products]
  - [carrefour_am] hookah (hookah) [10 products]
  - [carrefour_am] hookah accessories (hookah accessories) [3 products]
  - [carrefour_am] lighter and match (lighter and match) [23 products]
  - [carrefour_am] devices for cigarettes (devices for cigarettes) [13 products]
  - [carrefour_am] armenian (armenian) [75 products]
  - [carrefour_am] imported (imported) [15 products]
  - [carrefour_am] whiskey (whiskey) [64 products]
  - [carrefour_am] whiskey (whiskey) [56 products]
  - [carrefour_am] tequila absinthe rum liqueur gin (tequila absinthe rum liqueur gin) [132 products]
  - [carrefour_am] tequila (tequila) [27 products]
  - [carrefour_am] rom (rom) [23 products]
  - [carrefour_am] liquor (liquor) [40 products]
  - [carrefour_am] gin (gin) [35 products]
  - [carrefour_am] cider (cider) [5 products]
  - [carrefour_am] vodka (vodka) [212 products]
  - [carrefour_am] imported (imported) [157 products]
  - [carrefour_am] armenian (armenian) [32 products]
  - [carrefour_am] calvados (calvados) [34 products]
  - [carrefour_am] armagnac (armagnac) [20 products]
  - [carrefour_am] lemonades (lemonades) [41 products]
  - [carrefour_am] iced coffee and tea (iced coffee and tea) [4 products]
  - [carrefour_am] kvass (kvass) [2 products]
  - [carrefour_am] compotes (compotes) [23 products]
  - [carrefour_am] frozen food (frozen food) [485 products]
  - [carrefour_am] ice (ice) [5 products]
  - [carrefour_am] frozen dough (frozen dough) [18 products]
  - [carrefour_am] frozen semi finished products (frozen semi finished products) [144 products]
  - [carrefour_am] groceries (groceries) [600 products]
  - [carrefour_am] rice (rice) [58 products]
  - [carrefour_am] black rice (black rice) [1 products]
  - [carrefour_am] round rice (round rice) [8 products]
  - [carrefour_am] long rice (long rice) [22 products]
  - [carrefour_am] red rice (red rice) [3 products]
  - [carrefour_am] basmati rice (basmati rice) [11 products]
  - [carrefour_am] yellow rice (yellow rice) [1 products]
  - [carrefour_am] cereals (cereals) [112 products]
  - [carrefour_am] semolina (semolina) [13 products]
  - [carrefour_am] lentil (lentil) [13 products]
  - [carrefour_am] bean (bean) [5 products]
  - [carrefour_am] peas (peas) [11 products]
  - [carrefour_am] buckwheat (buckwheat) [17 products]
  - [carrefour_am] couscous (couscous) [3 products]
  - [carrefour_am] bulgur (bulgur) [9 products]
  - [carrefour_am] pea (pea) [5 products]
  - [carrefour_am] corn (corn) [8 products]
  - [carrefour_am] macaroni (macaroni) [90 products]
  - [carrefour_am] local pasta (local pasta) [31 products]
  - [carrefour_am] imported pasta (imported pasta) [172 products]
  - [carrefour_am] organic pasta (organic pasta) [5 products]
  - [carrefour_am] quick cooking pasta (quick cooking pasta) [5 products]
  - [carrefour_am] ethnic food (ethnic food) [32 products]
  - [carrefour_am] mexican (mexican) [6 products]
  - [carrefour_am] eastern (eastern) [15 products]
  - [carrefour_am] ready meals (ready meals) [84 products]
  - [carrefour_am] soup (soup) [4 products]
  - [carrefour_am] noodles (noodles) [27 products]
  - [carrefour_am] puree (puree) [3 products]
  - [carrefour_am] vermicelli (vermicelli) [22 products]
  - [carrefour_am] other ready meals (other ready meals) [28 products]
  - [carrefour_am] sauces (sauces) [220 products]
  - [carrefour_am] ketchup (ketchup) [47 products]
  - [carrefour_am] mayonnaise (mayonnaise) [30 products]
  - [carrefour_am] mustard (mustard) [15 products]
  - [carrefour_am] variety of sauces (variety of sauces) [104 products]
  - [carrefour_am] sunflower oil (sunflower oil) [46 products]
  - [carrefour_am] corn oil (corn oil) [7 products]
  - [carrefour_am] olive oil (olive oil) [44 products]
  - [carrefour_am] oil (oil) [18 products]
  - [carrefour_am] vinegar (vinegar) [17 products]
  - [carrefour_am] balsamic vinegar (balsamic vinegar) [12 products]
  - [carrefour_am] other types of oils (other types of oils) [28 products]
  - [carrefour_am] spices (spices) [325 products]
  - [carrefour_am] pices by kilogram (pices by kilogram) [34 products]
  - [carrefour_am] salt (salt) [19 products]
  - [carrefour_am] ground red and black pepper (ground red and black pepper) [27 products]
  - [carrefour_am] broth (broth) [8 products]
  - [carrefour_am] dried greens (dried greens) [23 products]
  - [carrefour_am] spice mix (spice mix) [29 products]
  - [carrefour_am] other spices (other spices) [193 products]
  - [carrefour_am] flour and sugar (flour and sugar) [52 products]
  - [carrefour_am] a kilogram of flour (a kilogram of flour) [2 products]
  - [carrefour_am] sugar by kilogram (sugar by kilogram) [1 products]
  - [carrefour_am] flour (flour) [29 products]
  - [carrefour_am] sugar (sugar) [16 products]
  - [carrefour_am] pastry accessories jelly (pastry accessories jelly) [146 products]
  - [carrefour_am] vanilla (vanilla) [10 products]
  - [carrefour_am] jelly (jelly) [10 products]
  - [carrefour_am] cocoa powder (cocoa powder) [5 products]
  - [carrefour_am] kisel (kisel) [1 products]
  - [carrefour_am] baking soda (baking soda) [4 products]
  - [carrefour_am] yeast (yeast) [4 products]
  - [carrefour_am] baking powder (baking powder) [5 products]
  - [carrefour_am] starch (starch) [3 products]
  - [carrefour_am] cans (cans) [497 products]
  - [carrefour_am] marinated food (marinated food) [147 products]
  - [carrefour_am] pea (pea) [3 products]
  - [carrefour_am] okra (okra) [1 products]
  - [carrefour_am] artichoke (artichoke) [2 products]
  - [carrefour_am] green peas (green peas) [18 products]
  - [carrefour_am] tomato (tomato) [23 products]
  - [carrefour_am] pepper (pepper) [9 products]
  - [carrefour_am] asparagus (asparagus) [4 products]
  - [carrefour_am] grape leaves (grape leaves) [2 products]
  - [carrefour_am] corn (corn) [15 products]
  - [carrefour_am] cucumber (cucumber) [23 products]
  - [carrefour_am] beans (beans) [24 products]
  - [carrefour_am] olive (olive) [76 products]
  - [carrefour_am] red olive (red olive) [2 products]
  - [carrefour_am] stuffed olives (stuffed olives) [15 products]
  - [carrefour_am] green olive (green olive) [34 products]
  - [carrefour_am] black olive (black olive) [32 products]
  - [carrefour_am] olive paste (olive paste) [2 products]
  - [carrefour_am] cooked canned food (cooked canned food) [71 products]
  - [carrefour_am] imam bayaldi (imam bayaldi) [4 products]
  - [carrefour_am] appetite (appetite) [3 products]
  - [carrefour_am] ajika (ajika) [9 products]
  - [carrefour_am] pepper (pepper) [3 products]
  - [carrefour_am] lecho (lecho) [6 products]
  - [carrefour_am] canned mushrooms (canned mushrooms) [54 products]
  - [carrefour_am] marinated champignons (marinated champignons) [6 products]
  - [carrefour_am] sliced mushrooms (sliced mushrooms) [5 products]
  - [carrefour_am] other types of mushrooms (other types of mushrooms) [43 products]
  - [carrefour_am] patty (patty) [17 products]
  - [carrefour_am] canned fish (canned fish) [46 products]
  - [carrefour_am] tomato paste (tomato paste) [40 products]
  - [carrefour_am] local tomato paste (local tomato paste) [21 products]
  - [carrefour_am] tomato paste imported (tomato paste imported) [19 products]
  - [carrefour_am] coffee tea and cocoa (coffee tea and cocoa) [600 products]
  - [carrefour_am] coffees (coffees) [372 products]
  - [carrefour_am] coffee substitutes (coffee substitutes) [1 products]
  - [carrefour_am] coffee by kilogram (coffee by kilogram) [24 products]
  - [carrefour_am] capsule coffee (capsule coffee) [43 products]
  - [carrefour_am] cold coffee (cold coffee) [44 products]
  - [carrefour_am] packaged coffee (packaged coffee) [84 products]
  - [carrefour_am] black coffee (black coffee) [71 products]
  - [carrefour_am] instant coffee (instant coffee) [164 products]
  - [carrefour_am] teas (teas) [335 products]
  - [carrefour_am] black tea (black tea) [120 products]
  - [carrefour_am] green tea (green tea) [52 products]
  - [carrefour_am] collection (collection) [19 products]
  - [carrefour_am] instant tea (instant tea) [8 products]
  - [carrefour_am] iced tea (iced tea) [40 products]
  - [carrefour_am] armenian tea (armenian tea) [45 products]
  - [carrefour_am] cocoa (cocoa) [4 products]
  - [carrefour_am] sweets and nuts (sweets and nuts) [600 products]
  - [carrefour_am] candies (candies) [391 products]
  - [carrefour_am] nougat souffle and toffee (nougat souffle and toffee) [17 products]
  - [carrefour_am] glazed candies (glazed candies) [1 products]
  - [carrefour_am] jelly candies (jelly candies) [81 products]
  - [carrefour_am] caramel (caramel) [15 products]
  - [carrefour_am] ther candies (ther candies) [52 products]
  - [carrefour_am] confectionery (confectionery) [600 products]
  - [carrefour_am] cookie (cookie) [406 products]
  - [carrefour_am] salt sticks (salt sticks) [19 products]
  - [carrefour_am] crackers (crackers) [29 products]
  - [carrefour_am] muffins (muffins) [6 products]
  - [carrefour_am] croissants (croissants) [17 products]
  - [carrefour_am] waffle sticks (waffle sticks) [17 products]
  - [carrefour_am] sweet sticks (sweet sticks) [20 products]
  - [carrefour_am] waffle (waffle) [104 products]
  - [carrefour_am] other confectionery (other confectionery) [52 products]
  - [carrefour_am] seeds (seeds) [28 products]
  - [carrefour_am] chewing gum (chewing gum) [104 products]
  - [carrefour_am] popcorn (popcorn) [4 products]
  - [carrefour_am] nuts by kg (nuts by kg) [19 products]
  - [carrefour_am] packaged nuts (packaged nuts) [45 products]
  - [carrefour_am] dragee kozinakh and halva marshmallow and marmalade (dragee kozinakh and halva marshmallow and marmalade) [181 products]
  - [carrefour_am] dragees (dragees) [34 products]
  - [carrefour_am] kozinaki (kozinaki) [10 products]
  - [carrefour_am] turkish delight (turkish delight) [9 products]
  - [carrefour_am] halva (halva) [7 products]
  - [carrefour_am] zephyr (zephyr) [14 products]
  - [carrefour_am] marmalade (marmalade) [84 products]
  - [carrefour_am] assorted (assorted) [11 products]
  - [carrefour_am] filled (filled) [3 products]
  - [carrefour_am] breakfast (breakfast) [253 products]
  - [carrefour_am] cereal bars (cereal bars) [1 products]
  - [carrefour_am] muesli and oatmeal (muesli and oatmeal) [88 products]
  - [carrefour_am] muesli (muesli) [41 products]
  - [carrefour_am] oat flakes (oat flakes) [33 products]
  - [carrefour_am] porridge (porridge) [7 products]
  - [carrefour_am] hercules (hercules) [5 products]
  - [carrefour_am] crackers (crackers) [13 products]
  - [carrefour_am] dietary (dietary) [2 products]
  - [carrefour_am] jam and confiture (jam and confiture) [61 products]
  - [carrefour_am] jam (jam) [26 products]
  - [carrefour_am] confiture (confiture) [15 products]
  - [carrefour_am] honey and syrups (honey and syrups) [48 products]
  - [carrefour_am] local honey (local honey) [13 products]
  - [carrefour_am] syrups (syrups) [33 products]
  - [carrefour_am] gluten free and organic (gluten free and organic) [101 products]
  - [carrefour_am] subcategory 2 1 (subcategory 2 1) [35 products]
  - [carrefour_am] bio sweets (bio sweets) [8 products]
  - [carrefour_am] organic groceries (organic groceries) [15 products]
  - [carrefour_am] bio oil and vinegar (bio oil and vinegar) [2 products]
  - [carrefour_am] bio coffee and tea (bio coffee and tea) [6 products]
  - [carrefour_am] bio tea (bio tea) [4 products]
  - [carrefour_am] bio coffee (bio coffee) [2 products]
  - [carrefour_am] bio breakfast (bio breakfast) [3 products]
  - [carrefour_am] sports food (sports food) [8 products]
  - [carrefour_am] bars (bars) [8 products]
  - [carrefour_am] children s department (children s department) [351 products]
  - [carrefour_am] baby care products (baby care products) [157 products]
  - [carrefour_am] baby shampoo (baby shampoo) [44 products]
  - [carrefour_am] bath gel (bath gel) [6 products]
  - [carrefour_am] powder (powder) [2 products]
  - [carrefour_am] baby oil (baby oil) [11 products]
  - [carrefour_am] ear sticks (ear sticks) [7 products]
  - [carrefour_am] wet tissue (wet tissue) [31 products]
  - [carrefour_am] other care items (other care items) [18 products]
  - [carrefour_am] washing powder (washing powder) [5 products]
  - [carrefour_am] washing gel (washing gel) [5 products]
  - [carrefour_am] washing liquid (washing liquid) [3 products]
  - [carrefour_am] diapers (diapers) [49 products]
  - [carrefour_am] diapers panties (diapers panties) [1 products]
  - [carrefour_am] diapers (diapers) [47 products]
  - [carrefour_am] baby oral hygiene (baby oral hygiene) [29 products]
  - [carrefour_am] baby oral rinse (baby oral rinse) [1 products]
  - [carrefour_am] baby toothbrush (baby toothbrush) [8 products]
  - [carrefour_am] baby toothpaste (baby toothpaste) [20 products]
  - [carrefour_am] food (food) [92 products]
  - [carrefour_am] baby porridge (baby porridge) [28 products]
  - [carrefour_am] children s puree (children s puree) [33 products]
  - [carrefour_am] children s tea (children s tea) [3 products]
  - [carrefour_am] cookie (cookie) [5 products]
  - [carrefour_am] hygiene products (hygiene products) [600 products]
  - [carrefour_am] bath products (bath products) [252 products]
  - [carrefour_am] bath gel (bath gel) [153 products]
  - [carrefour_am] bath foam (bath foam) [4 products]
  - [carrefour_am] bath sponge (bath sponge) [1 products]
  - [carrefour_am] bath scrub (bath scrub) [23 products]
  - [carrefour_am] oral hygiene (oral hygiene) [256 products]
  - [carrefour_am] toothpaste (toothpaste) [116 products]
  - [carrefour_am] toothbrush (toothbrush) [94 products]
  - [carrefour_am] oral rinse (oral rinse) [30 products]
  - [carrefour_am] dental floss (dental floss) [8 products]
  - [carrefour_am] toothpicks (toothpicks) [5 products]
  - [carrefour_am] braces and denture accessories (braces and denture accessories) [3 products]
  - [carrefour_am] shaving tool (shaving tool) [164 products]
  - [carrefour_am] shaver (shaver) [106 products]
  - [carrefour_am] shaver head (shaver head) [5 products]
  - [carrefour_am] shaving gel (shaving gel) [33 products]
  - [carrefour_am] aftershave lotion (aftershave lotion) [11 products]
  - [carrefour_am] hair care (hair care) [567 products]
  - [carrefour_am] shampoo (shampoo) [224 products]
  - [carrefour_am] balm (balm) [39 products]
  - [carrefour_am] conditioner (conditioner) [29 products]
  - [carrefour_am] hair dye (hair dye) [155 products]
  - [carrefour_am] hair fixatives (hair fixatives) [42 products]
  - [carrefour_am] other care products (other care products) [10 products]
  - [carrefour_am] hair mask (hair mask) [4 products]
  - [carrefour_am] women s care (women s care) [243 products]
  - [carrefour_am] sanitary pads (sanitary pads) [168 products]
  - [carrefour_am] tampons (tampons) [27 products]
  - [carrefour_am] intimate gel (intimate gel) [8 products]
  - [carrefour_am] women s diaper (women s diaper) [13 products]
  - [carrefour_am] cotton products (cotton products) [67 products]
  - [carrefour_am] cotton sticks (cotton sticks) [32 products]
  - [carrefour_am] cotton disc (cotton disc) [27 products]
  - [carrefour_am] cotton (cotton) [5 products]
  - [carrefour_am] paper products (paper products) [301 products]
  - [carrefour_am] paper towel (paper towel) [15 products]
  - [carrefour_am] toilet paper (toilet paper) [94 products]
  - [carrefour_am] napkin (napkin) [128 products]
  - [carrefour_am] wet wipe (wet wipe) [62 products]
  - [carrefour_am] pocket napkins (pocket napkins) [4 products]
  - [carrefour_am] decorative napkin (decorative napkin) [2 products]
  - [carrefour_am] deodorants (deodorants) [270 products]
  - [carrefour_am] anti scale products (anti scale products) [3 products]
  - [carrefour_am] dishwashing liquid (dishwashing liquid) [99 products]
  - [carrefour_am] washing machine care products (washing machine care products) [23 products]
  - [carrefour_am] laundry clothes care (laundry clothes care) [247 products]
  - [carrefour_am] washing capsules (washing capsules) [15 products]
  - [carrefour_am] washing powder (washing powder) [61 products]
  - [carrefour_am] washing gel (washing gel) [63 products]
  - [carrefour_am] softening agents (softening agents) [52 products]
  - [carrefour_am] whitening (whitening) [9 products]
  - [carrefour_am] stain removers (stain removers) [9 products]
  - [carrefour_am] antibacterial agents (antibacterial agents) [8 products]
  - [carrefour_am] antibacterial gel (antibacterial gel) [1 products]
  - [carrefour_am] sponge (sponge) [111 products]
  - [carrefour_am] gloves (gloves) [50 products]
  - [carrefour_am] brush (brush) [8 products]
  - [carrefour_am] packaging materials (packaging materials) [93 products]
  - [carrefour_am] garbage bag (garbage bag) [40 products]
  - [carrefour_am] food wrap (food wrap) [12 products]
  - [carrefour_am] packing bag (packing bag) [1 products]
  - [carrefour_am] foil (foil) [14 products]
  - [carrefour_am] disposable bags (disposable bags) [1 products]
  - [carrefour_am] baking and cooking products (baking and cooking products) [3 products]
  - [carrefour_am] food bag (food bag) [13 products]
  - [carrefour_am] freezer bags (freezer bags) [2 products]
  - [carrefour_am] greaseproof paper (greaseproof paper) [8 products]
  - [carrefour_am] refreshing sprays (refreshing sprays) [64 products]
  - [carrefour_am] decorative candles (decorative candles) [41 products]
  - [carrefour_am] refreshers (refreshers) [20 products]
  - [carrefour_am] cosmetics and care products (cosmetics and care products) [600 products]
  - [carrefour_am] facial care (facial care) [365 products]
  - [carrefour_am] moisturizing lotion (moisturizing lotion) [20 products]
  - [carrefour_am] mask (mask) [85 products]
  - [carrefour_am] micellar liquid (micellar liquid) [39 products]
  - [carrefour_am] spf sunscreen (spf sunscreen) [33 products]
  - [carrefour_am] wet wipe (wet wipe) [46 products]
  - [carrefour_am] cosmetic sponge (cosmetic sponge) [2 products]
  - [carrefour_am] facial cosmetics (facial cosmetics) [183 products]
  - [carrefour_am] powder (powder) [31 products]
  - [carrefour_am] concealer (concealer) [49 products]
  - [carrefour_am] eye cosmetics (eye cosmetics) [78 products]
  - [carrefour_am] mascara (mascara) [38 products]
  - [carrefour_am] surma (surma) [9 products]
  - [carrefour_am] eye pencil (eye pencil) [13 products]
  - [carrefour_am] lip care (lip care) [198 products]
  - [carrefour_am] lipstick (lipstick) [140 products]
  - [carrefour_am] lip pencil (lip pencil) [10 products]
  - [carrefour_am] balm (balm) [47 products]
  - [carrefour_am] nail care (nail care) [49 products]
  - [carrefour_am] medicinal varnish (medicinal varnish) [8 products]
  - [carrefour_am] nail polish remover (nail polish remover) [3 products]
  - [carrefour_am] perfume (perfume) [2 products]
  - [carrefour_am] tools (tools) [56 products]
  - [carrefour_am] makeup accessories (makeup accessories) [15 products]
  - [carrefour_am] manicure accessories (manicure accessories) [22 products]
  - [carrefour_am] kitchen utensils (kitchen utensils) [325 products]
  - [carrefour_am] disposable dish (disposable dish) [104 products]
  - [carrefour_am] picnic kit (picnic kit) [1 products]
  - [carrefour_am] disposable sticks (disposable sticks) [8 products]
  - [carrefour_am] disposable container (disposable container) [3 products]
  - [carrefour_am] disposable tableware (disposable tableware) [25 products]
  - [carrefour_am] disposable cups (disposable cups) [29 products]
  - [carrefour_am] disposable plates (disposable plates) [28 products]
  - [carrefour_am] other (other) [5 products]
  - [carrefour_am] kitchenware (kitchenware) [98 products]
  - [carrefour_am] containers (containers) [21 products]
  - [carrefour_am] cutting board (cutting board) [2 products]
  - [carrefour_am] scraper (scraper) [1 products]
  - [carrefour_am] knife (knife) [3 products]
  - [carrefour_am] spoon (spoon) [6 products]
  - [carrefour_am] fork (fork) [2 products]
  - [carrefour_am] cake pan (cake pan) [2 products]
  - [carrefour_am] food container (food container) [17 products]
  - [carrefour_am] glassware (glassware) [98 products]
  - [carrefour_am] cup (cup) [66 products]
  - [carrefour_am] containers (containers) [7 products]
  - [carrefour_am] plate (plate) [29 products]
  - [carrefour_am] deep dish (deep dish) [9 products]
  - [carrefour_am] measuring cup (measuring cup) [1 products]
  - [carrefour_am] pot pan (pot pan) [21 products]
  - [carrefour_am] pot (pot) [6 products]
  - [carrefour_am] pan (pan) [6 products]
  - [carrefour_am] other (other) [7 products]
  - [carrefour_am] stationery (stationery) [533 products]
  - [carrefour_am] writing and drawing products (writing and drawing products) [148 products]
  - [carrefour_am] pens (pens) [49 products]
  - [carrefour_am] rubber (rubber) [4 products]
  - [carrefour_am] sharpener (sharpener) [7 products]
  - [carrefour_am] markers (markers) [35 products]
  - [carrefour_am] felt tip pens (felt tip pens) [10 products]
  - [carrefour_am] pencils (pencils) [19 products]
  - [carrefour_am] other (other) [50 products]
  - [carrefour_am] creative materials (creative materials) [15 products]
  - [carrefour_am] putty (putty) [5 products]
  - [carrefour_am] gouache (gouache) [1 products]
  - [carrefour_am] stationery paper products (stationery paper products) [104 products]
  - [carrefour_am] notebooks (notebooks) [63 products]
  - [carrefour_am] composition (composition) [5 products]
  - [carrefour_am] colored paper (colored paper) [5 products]
  - [carrefour_am] paper (paper) [20 products]
  - [carrefour_am] drawing album coloring album (drawing album coloring album) [8 products]
  - [carrefour_am] folders pen boxes (folders pen boxes) [64 products]
  - [carrefour_am] folder (folder) [40 products]
  - [carrefour_am] pen box (pen box) [15 products]
  - [carrefour_am] prop (prop) [1 products]
  - [carrefour_am] other (other) [14 products]
  - [carrefour_am] office supplies (office supplies) [101 products]
  - [carrefour_am] punches (punches) [3 products]
  - [carrefour_am] staplers (staplers) [8 products]
  - [carrefour_am] files for papers (files for papers) [3 products]
  - [carrefour_am] calculator (calculator) [3 products]
  - [carrefour_am] other (other) [79 products]
  - [carrefour_am] grqer (grqer) [110 products]
  - [carrefour_am] everything for animals (everything for animals) [166 products]
  - [carrefour_am] everything for dogs (everything for dogs) [78 products]
  - [carrefour_am] wet dog food (wet dog food) [16 products]
  - [carrefour_am] dry dog food (dry dog food) [32 products]
  - [carrefour_am] other dog products (other dog products) [19 products]
  - [carrefour_am] everything for cats (everything for cats) [83 products]
  - [parma_am] 143

Vegetables (143) [360 products]
  - [parma_am] 14

Berries (14

Berries) [60 products]
  - [parma_am] 63

Tropical fruits (14) [324 products]
  - [parma_am] 51

Pastry (51) [294 products]
  - [parma_am] 41

Cakes (Pastry) [234 products]
  - [parma_am] 74

Bakery (113) [360 products]
  - [parma_am] 506

Wine (Cakes) [360 products]
  - [parma_am] 52

Liqueur (74) [312 products]
  - [parma_am] 50

Gin , Absinth, Anison (51) [300 products]
  - [parma_am] 32

Rum (32

Rum) [192 products]
  - [parma_am] 16

Vermouth (Pastry) [96 products]
  - [parma_am] 146

Whiskey (113) [360 products]
  - [parma_am] 62

Tequila (62

Tequila) [360 products]
  - [parma_am] 167

Beer (41) [360 products]
  - [parma_am] 37

Other (37

Other) [222 products]
  - [parma_am] Sweets (Sweets) [180 products]
  - [parma_am] 21

Basturma, Sudjuk (141) [84 products]
  - [parma_am] 221

Sausages (221

Sausages) [240 products]
  - [parma_am] 66

Sausages (50) [240 products]
  - [parma_am] 9

Other (9

Other) [36 products]
  - [parma_am] 68

Milk (Vermouth) [236 products]
  - [parma_am] 80

Cottage cheese products (146) [240 products]
  - [parma_am] 33

Butter and Margarine (33

Butter and Margarine) [132 products]
  - [parma_am] 41

Kefir and Cocktail (Whiskey) [164 products]
  - [parma_am] 14

Eggs (62) [56 products]
  - [parma_am] 40

Matsoun (40

Matsoun) [160 products]
  - [parma_am] 280

Yogurt (280) [240 products]
  - [parma_am] 44

Sour cream (334) [176 products]
  - [parma_am] 21

Tan and Okroshka (21

Tan and Okroshka) [84 products]
  - [parma_am] 51

Pastry (51) [196 products]
  - [parma_am] 41

Cakes (Pastry) [156 products]
  - [parma_am] 74

Bakery (113) [240 products]
  - [parma_am] 68

Milk (Vermouth) [236 products]
  - [parma_am] 80

Cottage cheese products (146) [240 products]
  - [parma_am] 33

Butter and Margarine (33

Butter and Margarine) [132 products]
  - [parma_am] 41

Kefir and Cocktail (Whiskey) [164 products]
  - [parma_am] 14

Eggs (62) [56 products]
  - [parma_am] 40

Matsoun (40

Matsoun) [160 products]
  - [parma_am] 280

Yogurt (280) [240 products]
  - [parma_am] 44

Sour cream (334) [176 products]
  - [parma_am] 21

Tan and Okroshka (21

Tan and Okroshka) [84 products]
  - [sas_am] Canned Food (Canned Food) [7 products]
  - [sas_am] Pie (Pie) [8 products]
  - [sas_am] Semi-cooked products (Semi-cooked products) [22 products]
  - [sas_am] Sweets (Sweets) [6 products]
  - [sas_am] Pickles (Pickles) [7 products]
  - [sas_am] Sandwich (Sandwich) [5 products]
  - [sas_am] Berries (Berries) [5 products]
  - [sas_am] Greens (Greens) [32 products]
  - [sas_am] Butter, margarine (Butter, margarine) [40 products]
  - [sas_am] Kefir (Kefir) [10 products]
  - [sas_am] Tan, okroshka (Tan, okroshka) [19 products]
  - [sas_am] Matsoun (Matsoun) [35 products]
  - [sas_am] Eggs (Eggs) [16 products]
  - [sas_am] Curd products (Curd products) [83 products]
  - [sas_am] Coca-Cola (Coca-Cola) [8 products]
  - [sas_am] Coca-Cola Zero (Coca-Cola Zero) [6 products]
  - [sas_am] Lavash (Lavash) [9 products]
  - [sas_am] Rolls (Rolls) [9 products]
  - [sas_am] Khachapuri (Khachapuri) [2 products]
  - [sas_am] Pasty (Pasty) [11 products]
  - [sas_am] Gata (Gata) [6 products]
  - [sas_am] Doughnut (Doughnut) [2 products]
  - [sas_am] Croissant (Croissant) [39 products]
  - [sas_am] Lamb (Lamb) [4 products]
  - [sas_am] Fresh fish, crawfish (Fresh fish, crawfish) [2 products]
  - [sas_am] Seafood (Seafood) [84 products]
  - [sas_am] Smoked fish (Smoked fish) [71 products]
  - [sas_am] Preserves (Preserves) [1 products]
  - [sas_am] Frozen fish (Frozen fish) [22 products]
  - [sas_am] Caviar (Caviar) [51 products]
  - [sas_am] Canned fishes (Canned fishes) [141 products]
  - [sas_am] Dried fish (Dried fish) [15 products]
  - [sas_am] Basturma, sudjuk (Basturma, sudjuk) [16 products]
  - [sas_am] Grains (Grains) [67 products]
  - [sas_am] Legumes and rice (Legumes and rice) [102 products]
  - [sas_am] Flour (Flour) [37 products]
  - [sas_am] Spices (Spices) [244 products]
  - [sas_am] Sugar, salt, soda (Sugar, salt, soda) [76 products]
  - [sas_am] Canned mushrooms (Canned mushrooms) [20 products]
  - [sas_am] Tomato paste (Tomato paste) [24 products]
  - [sas_am] Olives (Olives) [138 products]
  - [sas_am] Other (Other) [4 products]
  - [sas_am] Macaroni (Macaroni) [150 products]
  - [sas_am] Vermicelli, noodles (Vermicelli, noodles) [24 products]
  - [sas_am] Spaghetti (Spaghetti) [34 products]
  - [sas_am] Lasagne, cannelloni (Lasagne, cannelloni) [5 products]
  - [sas_am] Arishta, tatar-boraki (Arishta, tatar-boraki) [10 products]
  - [sas_am] Poultry (Poultry) [29 products]
  - [sas_am] Fish, seafood (Fish, seafood) [1 products]
  - [sas_am] Ice (Ice) [9 products]
  - [sas_am] Semi-cooked products (Semi-cooked products) [154 products]
  - [sas_am] Khash (Khash) [4 products]
  - [sas_am] Oil (Oil) [179 products]
  - [sas_am] Ghee (Ghee) [11 products]
  - [sas_am] Vinegar (Vinegar) [28 products]
  - [sas_am] Ketchup (Ketchup) [31 products]
  - [sas_am] Sauce, syrup (Sauce, syrup) [196 products]
  - [sas_am] Mayonnaise (Mayonnaise) [21 products]
  - [sas_am] Mustard, horseradish, fenugreek (Mustard, horseradish, fenugreek) [27 products]
  - [sas_am] Coffee (Coffee) [468 products]
  - [sas_am] Tea (Tea) [207 products]
  - [sas_am] Smoke free products and accessories (Smoke free products and accessories) [24 products]
  - [sas_am] Cigar, cigarillo, tobacco (Cigar, cigarillo, tobacco) [24 products]
  - [sas_am] Cigarettes (Cigarettes) [24 products]
  - [sas_am] Lighter, accessories (Lighter, accessories) [24 products]
  - [sas_am] Electric pods (Electric pods) [24 products]
  - [sas_am] Vermouth (Vermouth) [9 products]
  - [sas_am] Whiskey (Whiskey) [24 products]
  - [sas_am] Vodka (Vodka) [24 products]
  - [sas_am] Rum, tequila, мescal (Rum, tequila, мescal) [24 products]
  - [sas_am] Gin, absinth (Gin, absinth) [24 products]
  - [sas_am] Liqueur (Liqueur) [24 products]
  - [sas_am] Pastry (Pastry) [64 products]
  - [sas_am] Cakes (Cakes) [71 products]
  - [sas_am] Cakes, swiss rolls (Cakes, swiss rolls) [22 products]
  - [sas_am] Waffles (Waffles) [203 products]
  - [sas_am] Eastern sweets (Eastern sweets) [56 products]
  - [sas_am] Cupcakes, croissants (Cupcakes, croissants) [13 products]
  - [sas_am] Dessert, biscuit (Dessert, biscuit) [72 products]
  - [sas_am] Crackers, corn sticks (Crackers, corn sticks) [82 products]
  - [sas_am] Candies (Candies) [836 products]
  - [sas_am] Dragee, lollipop (Dragee, lollipop) [149 products]
  - [sas_am] Chewing gum (Chewing gum) [145 products]
  - [sas_am] Nuts, sweet sudjuk, sour lavash (Nuts, sweet sudjuk, sour lavash) [172 products]
  - [sas_am] Sunflower seeds (Sunflower seeds) [40 products]
  - [sas_am] Corn products, sugar cotton (Corn products, sugar cotton) [65 products]
  - [sas_am] Roasted wheat and hemp (Roasted wheat and hemp) [3 products]
  - [sas_am] Porridge, pudding (Porridge, pudding) [16 products]
  - [sas_am] Cakes, purée (Cakes, purée) [69 products]
  - [sas_am] Quick-cooking products (Quick-cooking products) [75 products]
  - [sas_am] Breakfast cereals, flakes (Breakfast cereals, flakes) [186 products]
  - [sas_am] Sugar, sweetener (Sugar, sweetener) [5 products]
  - [sas_am] Grocery (Grocery) [4 products]
  - [sas_am] Sweets, desserts (Sweets, desserts) [53 products]
  - [sas_am] Sweets (Sweets) [4 products]
  - [sas_am] Grocery, eggs (Grocery, eggs) [13 products]
  - [sas_am] Dog food (Dog food) [13 products]
  - [sas_am] Cat food, hygienic absorbent filler (Cat food, hygienic absorbent filler) [22 products]
  - [sas_am] New Year Toys (New Year Toys) [968 products]
  - [sas_am] Christmas Decoration (Christmas Decoration) [820 products]
  - [sas_am] Christmas tree (Christmas tree) [61 products]
  - [sas_am] Christmas compositions (Christmas compositions) [122 products]
  - [sas_am] Christmas costume (Christmas costume) [52 products]
  - [sas_am] Decorative table accessories (Decorative table accessories) [182 products]
  - [sas_am] Gift, gift accessories (Gift, gift accessories) [75 products]
  - [sas_am] Washing powder, gel, capsules (Washing powder, gel, capsules) [158 products]
  - [sas_am] Conditioner, bleach, stain remover, antistatic (Conditioner, bleach, stain remover, antistatic) [128 products]
  - [sas_am] Clothespin and rope (Clothespin and rope) [7 products]
  - [sas_am] For the bathroom (For the bathroom) [91 products]
  - [sas_am] For the kitchen (For the kitchen) [42 products]
  - [sas_am] For furniture, glass, floors (For furniture, glass, floors) [42 products]
  - [sas_am] Air freshener (Air freshener) [128 products]
  - [sas_am] Rubber gloves, rag (Rubber gloves, rag) [67 products]
  - [sas_am] Trash bags, trash can (Trash bags, trash can) [53 products]
  - [sas_am] Food film, foil, baking paper (Food film, foil, baking paper) [54 products]
  - [sas_am] Shampoo (Shampoo) [345 products]
  - [sas_am] Balsam, conditioner (Balsam, conditioner) [68 products]
  - [sas_am] Intimate hygiene (Intimate hygiene) [125 products]
  - [sas_am] Shower gel, sponge (Shower gel, sponge) [421 products]
  - [sas_am] Cotton goods (Cotton goods) [69 products]
  - [sas_am] Hair mask, care product (Hair mask, care product) [120 products]
  - [sas_am] Hair accessories (Hair accessories) [113 products]
  - [sas_am] Eye cosmetics (Eye cosmetics) [13 products]
  - [sas_am] Face care (Face care) [147 products]
  - [sas_am] Lipstick (Lipstick) [41 products]
  - [sas_am] Hand care (Hand care) [97 products]
  - [sas_am] Facial cosmetics (Facial cosmetics) [25 products]
  - [sas_am] Feet care (Feet care) [9 products]
  - [sas_am] Body care (Body care) [185 products]
  - [sas_am] Hand and foot care accessories (Hand and foot care accessories) [25 products]
  - [sas_am] Toothpaste (Toothpaste) [159 products]
  - [sas_am] Mouth rinse (Mouth rinse) [50 products]
  - [sas_am] Toothbrush (Toothbrush) [94 products]
  - [sas_am] Toothpick, dental floss, breath freshening strips (Toothpick, dental floss, breath freshening strips) [30 products]
  - [sas_am] Shaving system (Shaving system) [69 products]
  - [sas_am] Shaving cartridge (Shaving cartridge) [24 products]
  - [sas_am] Shaving foam, gel (Shaving foam, gel) [33 products]
  - [sas_am] Aftershave balsam, lotion (Aftershave balsam, lotion) [10 products]
  - [sas_am] Antiperspirant (Antiperspirant) [161 products]
  - [sas_am] Deodorant (Deodorant) [121 products]
  - [sas_am] Diaper, wet wipes (Diaper, wet wipes) [48 products]
  - [sas_am] Cosmetics, nail care (Cosmetics, nail care) [144 products]
  - [sas_am] Lotion, oil, talc (Lotion, oil, talc) [26 products]
  - [sas_am] Shampoo, gel (Shampoo, gel) [81 products]
  - [sas_am] Napkin dry (Napkin dry) [256 products]
  - [sas_am] Wet wipes (Wet wipes) [62 products]
  - [sas_am] Paper goods (Paper goods) [76 products]
  - [sas_am] Tights, stockings (Tights, stockings) [621 products]
  - [sas_am] Men’s underwear (Men’s underwear) [37 products]
  - [sas_am] Women’s underwear (Women’s underwear) [25 products]
  - [sas_am] Kid's haberdasher (Kid's haberdasher) [14 products]
  - [sas_am] Socks, knee-high stockings (Socks, knee-high stockings) [93 products]
  - [sas_am] Slippers (Slippers) [5 products]
  - [sas_am] Tablecloths, towels (Tablecloths, towels) [48 products]
  - [sas_am] Raincoat, bags, blanket (Raincoat, bags, blanket) [31 products]
  - [sas_am] Toys for newborns (Toys for newborns) [18 products]
  - [sas_am] Toys for girls (Toys for girls) [164 products]
  - [sas_am] Toys for boys (Toys for boys) [264 products]
  - [sas_am] Soft toys (Soft toys) [135 products]
  - [sas_am] Sports, military toys (Sports, military toys) [2 products]
  - [sas_am] Musical toys (Musical toys) [5 products]
  - [sas_am] Table games (Table games) [3 products]
  - [sas_am] Cognitive, intellectual games (Cognitive, intellectual games) [163 products]
  - [sas_am] Bag, pencil case (Bag, pencil case) [26 products]
  - [sas_am] Pens (Pens) [65 products]
  - [sas_am] Notebook, diary, folder (Notebook, diary, folder) [117 products]
  - [sas_am] Pencil case, sets (Pencil case, sets) [5 products]
  - [sas_am] Drawing supplies and calculator (Drawing supplies and calculator) [31 products]
  - [sas_am] Sharpener, eraser, corrector, glue (Sharpener, eraser, corrector, glue) [49 products]
  - [sas_am] Colored paper, plasticine, scissors (Colored paper, plasticine, scissors) [100 products]
  - [sas_am] For drawing (For drawing) [141 products]
  - [sas_am] Magazine (Magazine) [82 products]
  - [sas_am] Book (Book) [84 products]
  - [sas_am] Crossword (Crossword) [13 products]
  - [sas_am] Flowers (Flowers) [698 products]
  - [sas_am] Gifts (Gifts) [138 products]
  - [sas_am] Tableware (Tableware) [1044 products]
  - [sas_am] Kitchenware (Kitchenware) [260 products]
  - [sas_am] Disposable tableware (Disposable tableware) [124 products]
  - [sas_am] Plastic tableware (Plastic tableware) [15 products]
  - [sas_am] Candle, fireworks (Candle, fireworks) [389 products]
  - [sas_am] Firecracker (Firecracker) [7 products]
  - [sas_am] Holiday decoration, picnic (Holiday decoration, picnic) [93 products]
  - [sas_am] Computer equipment, accessories (Computer equipment, accessories) [132 products]
  - [sas_am] Electrical equipments (Electrical equipments) [48 products]
  - [sas_am] Battery (Battery) [64 products]
  - [sas_am] Lamp, socket tree-placed, extension socket, light switch (Lamp, socket tree-placed, extension socket, light switch) [56 products]
  - [yerevan_city] Масло сливочное "Лурпак" 82% 200г (Butter "Lurpak" 82% 200g) [319 products]
  - [yerevan_city] 1,780 ֏
            1,550 ֏ (1,780 ֏) [577 products]
  - [yerevan_city] 1,780 ֏
1,550 ֏ (1,550 ֏) [7 products]
  - [yerevan_city] Вишня зам. Планета витаминов 250г (1,780 ֏) [642 products]
  - [yerevan_city] 1,650 ֏
            1,320 ֏ (1,550 ֏) [99 products]
  - [yerevan_city] 1,650 ֏
1,320 ֏ (Cherry deputy Planet of vitamins 250g) [644 products]
  - [yerevan_city] Ведро+швабра Vileda Turbo smart (1,650 ֏) [143 products]
  - [yerevan_city] 24,420 ֏
            14,400 ֏ (1,320 ֏) [533 products]
  - [yerevan_city] 24,420 ֏
14,400 ֏ (1,650 ֏) [7 products]
  - [yerevan_city] Кофе зерн. Melitta Bar.Classic Esp. 1кг (1,320 ֏) [67 products]
  - [yerevan_city] 13,690 ֏
            10,270 ֏ (Bucket + mop Vileda Turbo smart) [637 products]
  - [yerevan_city] 13,690 ֏
10,270 ֏ (24,420 ֏) [637 products]
  - [yerevan_city] Молоко "Марианна" 1.5% б/л с/б 750мл (14,400 ֏) [637 products]
  - [yerevan_city] 930 ֏ (24,420 ֏) [7 products]
  - [yerevan_city] 930 ֏ (24,420 ֏) [607 products]
  - [yerevan_city] Молоко "Марианна" 3.2% с/б 750мл (14,400 ֏) [465 products]
  - [yerevan_city] 900 ֏ (Coffee beans Melitta Bar.Classic Esp. 1kg) [80 products]
  - [yerevan_city] 900 ֏ (Coffee beans Melitta Bar.Classic Esp. 1kg) [7 products]
  - [yerevan_city] Коньяк V&M 10г (кор.) 0.7л (13,690 ֏) [7 products]
  - [yerevan_city] 46,500 ֏ (10,270 ֏) [53 products]

Group: Meat & Poultry (19 items)
  (Examples: meat and meat products, pork meat, beef meat...)

Group: Fruits & Vegetables (29 items)
  (Examples: fruits and vegetables, fresh fruit and berries, vegetables and greens...)

Group: Dairy & Eggs (58 items)
  (Examples: dairy and eggs, fresh milk and milkshake, milk cocktail...)

Group: Bakery (13 items)
  (Examples: bakery and pastry, carrefour bakery, bread and lavash...)

Group: Beverages (48 items)
  (Examples: alcoholic beverages, cognac and brandy, wine vermouth sparkling wine...)

Group: Snacks (13 items)
  (Examples: hot chocolate, chocolate candies, chocolate candi...)

Group: Household (22 items)
  (Examples: liquid soap, detergent, soaps and liquid soaps...)
