Starting scrape for https://yerevan-city.am
Navigating to https://yerevan-city.am/shop/categories to find categories...
Found 69 categories.
[1/69] Scraping category: Ալկոհոլային խմիչքներ (https://yerevan-city.am/shop/products/4)
  Loading products via infinite scroll...
  Scroll 1: Found 72 products
  Scroll 2: Found 102 products
  Scroll 3: Found 132 products
  Scroll 4: Found 162 products
  Scroll 5: Found 192 products
  Scroll 6: Found 222 products
  Scroll 7: Found 252 products
  Scroll 8: Found 282 products
  Scroll 9: Found 312 products
  Scroll 10: Found 342 products
  Scroll 11: Found 372 products
  Scroll 12: Found 402 products
  Scroll 13: Found 432 products
  Scroll 14: Found 462 products
  Scroll 15: Found 492 products
  Scroll 16: Found 522 products
  Scroll 17: Found 522 products
  No new products loaded, finishing category.
  Scraping 522 products...
    Scraped 50/522 products...
    Scraped 100/522 products...
    Scraped 150/522 products...
    Scraped 200/522 products...
    Scraped 250/522 products...
    Scraped 300/522 products...
    Scraped 350/522 products...
    Scraped 400/522 products...
    Scraped 450/522 products...
    Scraped 500/522 products...
Finished category Ալկոհոլային խմիչքներ. Total products: 522
[2/69] Scraping category: Հացաբուլկեղեն և հրուշակեղեն (https://yerevan-city.am/shop/products/1923)
  Loading products via infinite scroll...
  Scroll 1: Found 37 products
  Scroll 2: Found 67 products
  Scroll 3: Found 97 products
  Scroll 4: Found 127 products
  Scroll 5: Found 157 products
  Scroll 6: Found 187 products
  Scroll 7: Found 217 products
  Scroll 8: Found 247 products
  Scroll 9: Found 277 products
  Scroll 10: Found 307 products
  Scroll 11: Found 337 products
  Scroll 12: Found 367 products
  Scroll 13: Found 397 products
  Scroll 14: Found 427 products
  Scroll 15: Found 457 products
  Scroll 16: Found 487 products
  Scroll 17: Found 517 products
  Scroll 18: Found 529 products
  Scroll 19: Found 529 products
  No new products loaded, finishing category.
  Scraping 529 products...
    Scraped 50/529 products...
    Scraped 100/529 products...
    Scraped 150/529 products...
    Scraped 200/529 products...
    Scraped 250/529 products...
    Scraped 300/529 products...
    Scraped 350/529 products...
    Scraped 400/529 products...
    Scraped 450/529 products...
    Scraped 500/529 products...
Finished category Հացաբուլկեղեն և հրուշակեղեն. Total products: 529
[3/69] Scraping category: Քաղցրավենիք (https://yerevan-city.am/shop/products/2)
  Loading products via infinite scroll...
  Scroll 1: Found 37 products
  Scroll 2: Found 67 products
  Scroll 3: Found 97 products
  Scroll 4: Found 97 products
  No new products loaded, finishing category.
  Scraping 97 products...
    Scraped 50/97 products...
Finished category Քաղցրավենիք. Total products: 97
[4/69] Scraping category: Կաթնամթերք, պաղպաղակ և սառույց (https://yerevan-city.am/shop/products/22)
  Loading products via infinite scroll...
  Scroll 1: Found 37 products
  Scroll 2: Found 67 products
  Scroll 3: Found 97 products
  Scroll 4: Found 127 products
  Scroll 5: Found 157 products
  Scroll 6: Found 187 products
  Scroll 7: Found 217 products
  Scroll 8: Found 247 products
  Scroll 9: Found 277 products
  Scroll 10: Found 307 products
  Scroll 11: Found 337 products
  Scroll 12: Found 367 products
  Scroll 13: Found 397 products
  Scroll 14: Found 427 products
  Scroll 15: Found 457 products
  Scroll 16: Found 487 products
  Scroll 17: Found 517 products
  Scroll 18: Found 547 products
  Scroll 19: Found 577 products
  Scroll 20: Found 607 products
  Scraping 607 products...
    Scraped 50/607 products...
    Scraped 100/607 products...
    Scraped 150/607 products...
    Scraped 200/607 products...
    Scraped 250/607 products...
    Scraped 300/607 products...
    Scraped 350/607 products...
    Scraped 400/607 products...
    Scraped 450/607 products...
    Scraped 500/607 products...
    Scraped 550/607 products...
    Scraped 600/607 products...
Finished category Կաթնամթերք, պաղպաղակ և սառույց. Total products: 607
[5/69] Scraping category: Երշիկ և խորտիկներ (https://yerevan-city.am/shop/products/6)
  Loading products via infinite scroll...
  Scroll 1: Found 74 products
  Scroll 2: Found 104 products
  Scroll 3: Found 134 products
  Scroll 4: Found 164 products
  Scroll 5: Found 194 products
  Scroll 6: Found 224 products
  Scroll 7: Found 254 products
  Scroll 8: Found 284 products
  Scroll 9: Found 314 products
  Scroll 10: Found 344 products
  Scroll 11: Found 374 products
  Scroll 12: Found 404 products
  Scroll 13: Found 434 products
  Scroll 14: Found 464 products
  Scroll 15: Found 494 products
  Scroll 16: Found 524 products
  Scroll 17: Found 554 products
  Scroll 18: Found 584 products
  Scroll 19: Found 614 products
  Scroll 20: Found 644 products
  Scraping 644 products...
    Scraped 50/644 products...
    Scraped 100/644 products...
    Scraped 150/644 products...
    Scraped 200/644 products...
    Scraped 250/644 products...
    Scraped 300/644 products...
    Scraped 350/644 products...
    Scraped 400/644 products...
    Scraped 450/644 products...
    Scraped 500/644 products...
    Scraped 550/644 products...
    Scraped 600/644 products...
Finished category Երշիկ և խորտիկներ. Total products: 644
[6/69] Scraping category: Թարմ միս (https://yerevan-city.am/shop/products/1927)
  Loading products via infinite scroll...
  Scroll 1: Found 67 products
  Scroll 2: Found 79 products
  Scroll 3: Found 79 products
  No new products loaded, finishing category.
  Scraping 79 products...
    Scraped 50/79 products...
Finished category Թարմ միս. Total products: 79
[7/69] Scraping category: Պատրաստի ուտեստ (https://yerevan-city.am/shop/products/1924)
  Loading products via infinite scroll...
  Scroll 1: Found 67 products
  Scroll 2: Found 97 products
  Scroll 3: Found 125 products
  Scroll 4: Found 125 products
  No new products loaded, finishing category.
  Scraping 125 products...
    Scraped 50/125 products...
    Scraped 100/125 products...
Finished category Պատրաստի ուտեստ. Total products: 125
[8/69] Scraping category: Թռչնամիս և ձու (https://yerevan-city.am/shop/products/7)
  Loading products via infinite scroll...
  Scroll 1: Found 67 products
  Scroll 2: Found 97 products
  Scroll 3: Found 127 products
  Scroll 4: Found 145 products
  Scroll 5: Found 145 products
  No new products loaded, finishing category.
  Scraping 145 products...
    Scraped 50/145 products...
    Scraped 100/145 products...
Finished category Թռչնամիս և ձու. Total products: 145
[9/69] Scraping category: Կիսաֆաբրիկատներ (https://yerevan-city.am/shop/products/29)
  Loading products via infinite scroll...
  Scroll 1: Found 67 products
  Scroll 2: Found 97 products
  Scroll 3: Found 127 products
  Scroll 4: Found 157 products
  Scroll 5: Found 187 products
  Scroll 6: Found 217 products
  Scroll 7: Found 247 products
  Scroll 8: Found 267 products
  Scroll 9: Found 267 products
  No new products loaded, finishing category.
  Scraping 267 products...
    Scraped 50/267 products...
    Scraped 100/267 products...
    Scraped 150/267 products...
    Scraped 200/267 products...
    Scraped 250/267 products...
Finished category Կիսաֆաբրիկատներ. Total products: 267
[10/69] Scraping category: Ձուկ և ծովամթերք (https://yerevan-city.am/shop/products/27)
  Loading products via infinite scroll...
  Scroll 1: Found 67 products
  Scroll 2: Found 97 products
  Scroll 3: Found 127 products
  Scroll 4: Found 157 products
  Scroll 5: Found 187 products
  Scroll 6: Found 217 products
  Scroll 7: Found 228 products
  Scroll 8: Found 228 products
  No new products loaded, finishing category.
  Scraping 228 products...
    Scraped 50/228 products...
    Scraped 100/228 products...
    Scraped 150/228 products...
    Scraped 200/228 products...
Finished category Ձուկ և ծովամթերք. Total products: 228
[11/69] Scraping category: Կենդանի և թարմ ձուկ (https://yerevan-city.am/shop/products/1928)
  Loading products via infinite scroll...
  Scroll 1: Found 12 products
  Scroll 2: Found 12 products
  No new products loaded, finishing category.
  Scraping 12 products...
Finished category Կենդանի և թարմ ձուկ. Total products: 12
[12/69] Scraping category: Թարմ միրգ և բանջարեղեն (https://yerevan-city.am/shop/products/1926)
  Loading products via infinite scroll...
  Scroll 1: Found 67 products
  Scroll 2: Found 97 products
  Scroll 3: Found 127 products
  Scroll 4: Found 127 products
  No new products loaded, finishing category.
  Scraping 127 products...
    Scraped 50/127 products...
    Scraped 100/127 products...
Finished category Թարմ միրգ և բանջարեղեն. Total products: 127
[13/69] Scraping category: Պահածոյացված մթերք (https://yerevan-city.am/shop/products/25)
  Loading products via infinite scroll...
  Scroll 1: Found 67 products
  Scroll 2: Found 97 products
  Scroll 3: Found 127 products
  Scroll 4: Found 157 products
  Scroll 5: Found 187 products
  Scroll 6: Found 217 products
  Scroll 7: Found 247 products
  Scroll 8: Found 277 products
  Scroll 9: Found 307 products
  Scroll 10: Found 337 products
  Scroll 11: Found 367 products
  Scroll 12: Found 397 products
  Scroll 13: Found 427 products
  Scroll 14: Found 457 products
  Scroll 15: Found 487 products
  Scroll 16: Found 517 products
  Scroll 17: Found 547 products
  Scroll 18: Found 577 products
  Scroll 19: Found 607 products
  Scroll 20: Found 637 products
  Scraping 637 products...
    Scraped 50/637 products...
    Scraped 100/637 products...
    Scraped 150/637 products...
    Scraped 200/637 products...
    Scraped 250/637 products...
    Scraped 300/637 products...
    Scraped 350/637 products...
    Scraped 400/637 products...
    Scraped 450/637 products...
    Scraped 500/637 products...
    Scraped 550/637 products...
    Scraped 600/637 products...
Finished category Պահածոյացված մթերք. Total products: 637
[14/69] Scraping category: Նպարեղեն (https://yerevan-city.am/shop/products/26)
  Loading products via infinite scroll...
  Scroll 1: Found 67 products
  Scroll 2: Found 97 products
  Scroll 3: Found 127 products
  Scroll 4: Found 157 products
  Scroll 5: Found 187 products
  Scroll 6: Found 217 products
  Scroll 7: Found 247 products
  Scroll 8: Found 277 products
  Scroll 9: Found 307 products
  Scroll 10: Found 337 products
  Scroll 11: Found 367 products
  Scroll 12: Found 397 products
  Scroll 13: Found 427 products
  Scroll 14: Found 457 products
  Scroll 15: Found 487 products
  Scroll 16: Found 517 products
  Scroll 17: Found 547 products
  Scroll 18: Found 577 products
  Scroll 19: Found 607 products
  Scroll 20: Found 637 products
  Scraping 637 products...
    Scraped 50/637 products...
    Scraped 100/637 products...
    Scraped 150/637 products...
    Scraped 200/637 products...
    Scraped 250/637 products...
    Scraped 300/637 products...
    Scraped 350/637 products...
    Scraped 400/637 products...
    Scraped 450/637 products...
    Scraped 500/637 products...
    Scraped 550/637 products...
    Scraped 600/637 products...
Finished category Նպարեղեն. Total products: 637
[15/69] Scraping category: Տաք ըմպելիքներ (https://yerevan-city.am/shop/products/38)
  Loading products via infinite scroll...
  Scroll 1: Found 67 products
  Scroll 2: Found 97 products
  Scroll 3: Found 127 products
  Scroll 4: Found 157 products
  Scroll 5: Found 187 products
  Scroll 6: Found 217 products
  Scroll 7: Found 247 products
  Scroll 8: Found 277 products
  Scroll 9: Found 307 products
  Scroll 10: Found 337 products
  Scroll 11: Found 367 products
  Scroll 12: Found 397 products
  Scroll 13: Found 427 products
  Scroll 14: Found 457 products
  Scroll 15: Found 487 products
  Scroll 16: Found 503 products
  Scroll 17: Found 503 products
  No new products loaded, finishing category.
  Scraping 503 products...
    Scraped 50/503 products...
    Scraped 100/503 products...
    Scraped 150/503 products...
    Scraped 200/503 products...
    Scraped 250/503 products...
    Scraped 300/503 products...
    Scraped 350/503 products...
    Scraped 400/503 products...
    Scraped 450/503 products...
    Scraped 500/503 products...
Finished category Տաք ըմպելիքներ. Total products: 503
[16/69] Scraping category: Չիպսեր, սերմեր և եգիպտացորեն (https://yerevan-city.am/shop/products/33)
  Loading products via infinite scroll...
  Scroll 1: Found 37 products
  Scroll 2: Found 67 products
  Scroll 3: Found 97 products
  Scroll 4: Found 127 products
  Scroll 5: Found 157 products
  Scroll 6: Found 187 products
  Scroll 7: Found 217 products
  Scroll 8: Found 247 products
  Scroll 9: Found 277 products
  Scroll 10: Found 307 products
  Scroll 11: Found 337 products
  Scroll 12: Found 361 products
  Scroll 13: Found 361 products
  No new products loaded, finishing category.
  Scraping 361 products...
    Scraped 50/361 products...
    Scraped 100/361 products...
    Scraped 150/361 products...
    Scraped 200/361 products...
    Scraped 250/361 products...
    Scraped 300/361 products...
    Scraped 350/361 products...
Finished category Չիպսեր, սերմեր և եգիպտացորեն. Total products: 361
[17/69] Scraping category: Ոչ ալկոհոլային ըմպելիքներ (https://yerevan-city.am/shop/products/39)
  Loading products via infinite scroll...
  Scroll 1: Found 69 products
  Scroll 2: Found 99 products
  Scroll 3: Found 129 products
  Scroll 4: Found 159 products
  Scroll 5: Found 189 products
  Scroll 6: Found 219 products
  Scroll 7: Found 249 products
  Scroll 8: Found 279 products
  Scroll 9: Found 309 products
  Scroll 10: Found 339 products
  Scroll 11: Found 369 products
  Scroll 12: Found 399 products
  Scroll 13: Found 429 products
  Scroll 14: Found 459 products
  Scroll 15: Found 489 products
  Scroll 16: Found 519 products
  Scroll 17: Found 549 products
  Scroll 18: Found 579 products
  Scroll 19: Found 609 products
  Scroll 20: Found 639 products
  Scraping 639 products...
    Scraped 50/639 products...
    Scraped 100/639 products...
    Scraped 150/639 products...
    Scraped 200/639 products...
    Scraped 250/639 products...
    Scraped 300/639 products...
    Scraped 350/639 products...
    Scraped 400/639 products...
    Scraped 450/639 products...
    Scraped 500/639 products...
    Scraped 550/639 products...
    Scraped 600/639 products...
Finished category Ոչ ալկոհոլային ըմպելիքներ. Total products: 639
[18/69] Scraping category: Դիետիկ, առանց գլյուտեն և բիո սննդամթերք (https://yerevan-city.am/shop/products/40)
  Loading products via infinite scroll...
  Scroll 1: Found 67 products
  Scroll 2: Found 97 products
  Scroll 3: Found 127 products
  Scroll 4: Found 157 products
  Scroll 5: Found 187 products
  Scroll 6: Found 217 products
  Scroll 7: Found 247 products
  Scroll 8: Found 277 products
  Scroll 9: Found 307 products
  Scroll 10: Found 337 products
  Scroll 11: Found 367 products
  Scroll 12: Found 397 products
  Scroll 13: Found 427 products
  Scroll 14: Found 457 products
  Scroll 15: Found 487 products
  Scroll 16: Found 517 products
  Scroll 17: Found 547 products
  Scroll 18: Found 551 products
  Scroll 19: Found 551 products
  No new products loaded, finishing category.
  Scraping 551 products...
    Scraped 50/551 products...
    Scraped 100/551 products...
    Scraped 150/551 products...
    Scraped 200/551 products...
    Scraped 250/551 products...
    Scraped 300/551 products...
    Scraped 350/551 products...
    Scraped 400/551 products...
    Scraped 450/551 products...
    Scraped 500/551 products...
    Scraped 550/551 products...
Finished category Դիետիկ, առանց գլյուտեն և բիո սննդամթերք. Total products: 551
[19/69] Scraping category: Ծխախոտային արտադրանք և աքսեսուարներ (https://yerevan-city.am/shop/products/1563)
  Loading products via infinite scroll...
  Scroll 1: Found 67 products
  Scroll 2: Found 97 products
  Scroll 3: Found 127 products
  Scroll 4: Found 157 products
  Scroll 5: Found 187 products
  Scroll 6: Found 217 products
  Scroll 7: Found 247 products
  Scroll 8: Found 277 products
  Scroll 9: Found 307 products
  Scroll 10: Found 337 products
  Scroll 11: Found 359 products
  Scroll 12: Found 359 products
  No new products loaded, finishing category.
  Scraping 359 products...
    Scraped 50/359 products...
    Scraped 100/359 products...
    Scraped 150/359 products...
    Scraped 200/359 products...
    Scraped 250/359 products...
    Scraped 300/359 products...
    Scraped 350/359 products...
Finished category Ծխախոտային արտադրանք և աքսեսուարներ. Total products: 359
[20/69] Scraping category: Հիգիենա (https://yerevan-city.am/shop/products/15)
  Loading products via infinite scroll...
  Scroll 1: Found 67 products
  Scroll 2: Found 67 products
  No new products loaded, finishing category.
  Scraping 67 products...
    Scraped 50/67 products...
Finished category Հիգիենա. Total products: 67
[21/69] Scraping category: Կենցաղային քիմիա (https://yerevan-city.am/shop/products/8)
  Loading products via infinite scroll...
  Scroll 1: Found 67 products
  Scroll 2: Found 97 products
  Scroll 3: Found 127 products
  Scroll 4: Found 157 products
  Scroll 5: Found 187 products
  Scroll 6: Found 217 products
  Scroll 7: Found 247 products
  Scroll 8: Found 277 products
  Scroll 9: Found 307 products
  Scroll 10: Found 337 products
  Scroll 11: Found 367 products
  Scroll 12: Found 397 products
  Scroll 13: Found 427 products
  Scroll 14: Found 457 products
  Scroll 15: Found 487 products
  Scroll 16: Found 517 products
  Scroll 17: Found 533 products
  Scroll 18: Found 533 products
  No new products loaded, finishing category.
  Scraping 533 products...
    Scraped 50/533 products...
    Scraped 100/533 products...
    Scraped 150/533 products...
    Scraped 200/533 products...
    Scraped 250/533 products...
    Scraped 300/533 products...
    Scraped 350/533 products...
    Scraped 400/533 products...
    Scraped 450/533 products...
    Scraped 500/533 products...
Finished category Կենցաղային քիմիա. Total products: 533
[22/69] Scraping category: Կենցաղային պարագաներ (https://yerevan-city.am/shop/products/13)
  Loading products via infinite scroll...
  Scroll 1: Found 37 products
  Scroll 2: Found 67 products
  Scroll 3: Found 97 products
  Scroll 4: Found 127 products
  Scroll 5: Found 157 products
  Scroll 6: Found 187 products
  Scroll 7: Found 217 products
  Scroll 8: Found 247 products
  Scroll 9: Found 277 products
  Scroll 10: Found 307 products
  Scroll 11: Found 337 products
  Scroll 12: Found 367 products
  Scroll 13: Found 397 products
  Scroll 14: Found 427 products
  Scroll 15: Found 457 products
  Scroll 16: Found 487 products
  Scroll 17: Found 517 products
  Scroll 18: Found 547 products
  Scroll 19: Found 577 products
  Scroll 20: Found 607 products
  Scraping 607 products...
    Scraped 50/607 products...
    Scraped 100/607 products...
    Scraped 150/607 products...
    Scraped 200/607 products...
    Scraped 250/607 products...
    Scraped 300/607 products...
    Scraped 350/607 products...
    Scraped 400/607 products...
    Scraped 450/607 products...
    Scraped 500/607 products...
    Scraped 550/607 products...
    Scraped 600/607 products...
Finished category Կենցաղային պարագաներ. Total products: 607
[23/69] Scraping category: Կոսմետիկա և պարֆումերիա (https://yerevan-city.am/shop/products/24)
  Loading products via infinite scroll...
  Scroll 1: Found 67 products
  Scroll 2: Found 97 products
  Scroll 3: Found 127 products
  Scroll 4: Found 157 products
  Scroll 5: Found 187 products
  Scroll 6: Found 217 products
  Scroll 7: Found 247 products
  Scroll 8: Found 277 products
  Scroll 9: Found 307 products
  Scroll 10: Found 337 products
  Scroll 11: Found 367 products
  Scroll 12: Found 397 products
  Scroll 13: Found 407 products
  Scroll 14: Found 407 products
  No new products loaded, finishing category.
  Scraping 407 products...
    Scraped 50/407 products...
    Scraped 100/407 products...
    Scraped 150/407 products...
    Scraped 200/407 products...
    Scraped 250/407 products...
    Scraped 300/407 products...
    Scraped 350/407 products...
    Scraped 400/407 products...
Finished category Կոսմետիկա և պարֆումերիա. Total products: 407
[24/69] Scraping category: Խաղալիքներ (https://yerevan-city.am/shop/products/11)
  Loading products via infinite scroll...
  Scroll 1: Found 67 products
  Scroll 2: Found 97 products
  Scroll 3: Found 127 products
  Scroll 4: Found 157 products
  Scroll 5: Found 187 products
  Scroll 6: Found 217 products
  Scroll 7: Found 247 products
  Scroll 8: Found 277 products
  Scroll 9: Found 307 products
  Scroll 10: Found 337 products
  Scroll 11: Found 367 products
  Scroll 12: Found 397 products
  Scroll 13: Found 427 products
  Scroll 14: Found 457 products
  Scroll 15: Found 487 products
  Scroll 16: Found 517 products
  Scroll 17: Found 547 products
  Scroll 18: Found 577 products
  Scroll 19: Found 607 products
  Scroll 20: Found 637 products
  Scraping 637 products...
    Scraped 50/637 products...
    Scraped 100/637 products...
    Scraped 150/637 products...
    Scraped 200/637 products...
    Scraped 250/637 products...
    Scraped 300/637 products...
    Scraped 350/637 products...
    Scraped 400/637 products...
    Scraped 450/637 products...
    Scraped 500/637 products...
    Scraped 550/637 products...
    Scraped 600/637 products...
Finished category Խաղալիքներ. Total products: 637
[25/69] Scraping category: Սպասք և խոհանոցային պարագաներ (https://yerevan-city.am/shop/products/12)
  Loading products via infinite scroll...
  Scroll 1: Found 37 products
  Scroll 2: Found 67 products
  Scroll 3: Found 97 products
  Scroll 4: Found 97 products
  No new products loaded, finishing category.
  Scraping 97 products...
    Scraped 50/97 products...
Finished category Սպասք և խոհանոցային պարագաներ. Total products: 97
[26/69] Scraping category: Հուշանվերներ (https://yerevan-city.am/shop/products/31)
  Loading products via infinite scroll...
  Scroll 1: Found 67 products
  Scroll 2: Found 78 products
  Scroll 3: Found 78 products
  No new products loaded, finishing category.
  Scraping 78 products...
    Scraped 50/78 products...
Finished category Հուշանվերներ. Total products: 78
[27/69] Scraping category: Մանկական բաժին (https://yerevan-city.am/shop/products/23)
  Loading products via infinite scroll...
  Scroll 1: Found 38 products
  Scroll 2: Found 68 products
  Scroll 3: Found 98 products
  Scroll 4: Found 128 products
  Scroll 5: Found 158 products
  Scroll 6: Found 188 products
  Scroll 7: Found 218 products
  Scroll 8: Found 248 products
  Scroll 9: Found 278 products
  Scroll 10: Found 303 products
  Scroll 11: Found 303 products
  No new products loaded, finishing category.
  Scraping 303 products...
    Scraped 50/303 products...
    Scraped 100/303 products...
    Scraped 150/303 products...
    Scraped 200/303 products...
    Scraped 250/303 products...
    Scraped 300/303 products...
Finished category Մանկական բաժին. Total products: 303
[28/69] Scraping category: Գրենական պիտույքներ (https://yerevan-city.am/shop/products/16)
  Loading products via infinite scroll...
  Scroll 1: Found 67 products
  Scroll 2: Found 97 products
  Scroll 3: Found 127 products
  Scroll 4: Found 157 products
  Scroll 5: Found 187 products
  Scroll 6: Found 217 products
  Scroll 7: Found 247 products
  Scroll 8: Found 277 products
  Scroll 9: Found 307 products
  Scroll 10: Found 337 products
  Scroll 11: Found 367 products
  Scroll 12: Found 397 products
  Scroll 13: Found 427 products
  Scroll 14: Found 457 products
  Scroll 15: Found 466 products
  Scroll 16: Found 466 products
  No new products loaded, finishing category.
  Scraping 466 products...
    Scraped 50/466 products...
    Scraped 100/466 products...
    Scraped 150/466 products...
    Scraped 200/466 products...
    Scraped 250/466 products...
    Scraped 300/466 products...
    Scraped 350/466 products...
    Scraped 400/466 products...
    Scraped 450/466 products...
Finished category Գրենական պիտույքներ. Total products: 466
[29/69] Scraping category: Տեքստիլ, հագուստ և կոշիկի խնամք (https://yerevan-city.am/shop/products/41)
  Loading products via infinite scroll...
  Scroll 1: Found 67 products
  Scroll 2: Found 97 products
  Scroll 3: Found 127 products
  Scroll 4: Found 157 products
  Scroll 5: Found 187 products
  Scroll 6: Found 217 products
  Scroll 7: Found 247 products
  Scroll 8: Found 277 products
  Scroll 9: Found 307 products
  Scroll 10: Found 337 products
  Scroll 11: Found 367 products
  Scroll 12: Found 397 products
  Scroll 13: Found 427 products
  Scroll 14: Found 457 products
  Scroll 15: Found 487 products
  Scroll 16: Found 517 products
  Scroll 17: Found 547 products
  Scroll 18: Found 577 products
  Scroll 19: Found 607 products
  Scroll 20: Found 637 products
  Scraping 637 products...
    Scraped 50/637 products...
    Scraped 100/637 products...
    Scraped 150/637 products...
    Scraped 200/637 products...
    Scraped 250/637 products...
    Scraped 300/637 products...
    Scraped 350/637 products...
    Scraped 400/637 products...
    Scraped 450/637 products...
    Scraped 500/637 products...
    Scraped 550/637 products...
    Scraped 600/637 products...
Finished category Տեքստիլ, հագուստ և կոշիկի խնամք. Total products: 637
[30/69] Scraping category: Ամեն ինչ տոների համար (https://yerevan-city.am/shop/products/10)
  Loading products via infinite scroll...
  Scroll 1: Found 67 products
  Scroll 2: Found 97 products
  Scroll 3: Found 127 products
  Scroll 4: Found 157 products
  Scroll 5: Found 187 products
  Scroll 6: Found 217 products
  Scroll 7: Found 247 products
  Scroll 8: Found 277 products
  Scroll 9: Found 307 products
  Scroll 10: Found 337 products
  Scroll 11: Found 367 products
  Scroll 12: Found 397 products
  Scroll 13: Found 427 products
  Scroll 14: Found 457 products
  Scroll 15: Found 487 products
  Scroll 16: Found 517 products
  Scroll 17: Found 547 products
  Scroll 18: Found 577 products
  Scroll 19: Found 607 products
  Scroll 20: Found 637 products
  Scraping 637 products...
    Scraped 50/637 products...
    Scraped 100/637 products...
    Scraped 150/637 products...
    Scraped 200/637 products...
    Scraped 250/637 products...
    Scraped 300/637 products...
    Scraped 350/637 products...
    Scraped 400/637 products...
    Scraped 450/637 products...
    Scraped 500/637 products...
    Scraped 550/637 products...
    Scraped 600/637 products...
Finished category Ամեն ինչ տոների համար. Total products: 637
[31/69] Scraping category: Էլեկտրատեխնիկա (https://yerevan-city.am/shop/products/28)
  Loading products via infinite scroll...
  Scroll 1: Found 67 products
  Scroll 2: Found 97 products
  Scroll 3: Found 127 products
  Scroll 4: Found 138 products
  Scroll 5: Found 138 products
  No new products loaded, finishing category.
  Scraping 138 products...
    Scraped 50/138 products...
    Scraped 100/138 products...
Finished category Էլեկտրատեխնիկա. Total products: 138
[32/69] Scraping category: Համակարգչային աքսեսուարներ (https://yerevan-city.am/shop/products/30)
  Loading products via infinite scroll...
  Scroll 1: Found 67 products
  Scroll 2: Found 83 products
  Scroll 3: Found 83 products
  No new products loaded, finishing category.
  Scraping 83 products...
    Scraped 50/83 products...
Finished category Համակարգչային աքսեսուարներ. Total products: 83
[33/69] Scraping category: Զբոսաշրջիկ, ամառանոցավար (https://yerevan-city.am/shop/products/17)
  Loading products via infinite scroll...
  Scroll 1: Found 67 products
  Scroll 2: Found 80 products
  Scroll 3: Found 80 products
  No new products loaded, finishing category.
  Scraping 80 products...
    Scraped 50/80 products...
Finished category Զբոսաշրջիկ, ամառանոցավար. Total products: 80
[34/69] Scraping category: Ամեն ինչ բույսերի համար (https://yerevan-city.am/shop/products/5)
  Loading products via infinite scroll...
  Scroll 1: Found 67 products
  Scroll 2: Found 97 products
  Scroll 3: Found 99 products
  Scroll 4: Found 99 products
  No new products loaded, finishing category.
  Scraping 99 products...
    Scraped 50/99 products...
Finished category Ամեն ինչ բույսերի համար. Total products: 99
[35/69] Scraping category: Սպորտային ապրանքներ (https://yerevan-city.am/shop/products/20)
  Loading products via infinite scroll...
  Scroll 1: Found 53 products
  Scroll 2: Found 53 products
  No new products loaded, finishing category.
  Scraping 53 products...
    Scraped 50/53 products...
Finished category Սպորտային ապրանքներ. Total products: 53
[36/69] Scraping category: Շին․գործիքներ և Էլեկտրասարքավորում (https://yerevan-city.am/shop/products/1)
  Loading products via infinite scroll...
  Scroll 1: Found 67 products
  Scroll 2: Found 97 products
  Scroll 3: Found 127 products
  Scroll 4: Found 157 products
  Scroll 5: Found 187 products
  Scroll 6: Found 217 products
  Scroll 7: Found 247 products
  Scroll 8: Found 277 products
  Scroll 9: Found 277 products
  No new products loaded, finishing category.
  Scraping 277 products...
    Scraped 50/277 products...
    Scraped 100/277 products...
    Scraped 150/277 products...
    Scraped 200/277 products...
    Scraped 250/277 products...
Finished category Շին․գործիքներ և Էլեկտրասարքավորում. Total products: 277
[37/69] Scraping category: Ամեն ինչ կենդանիների համար (https://yerevan-city.am/shop/products/1610)
  Loading products via infinite scroll...
  Scroll 1: Found 0 products
  No new products loaded, finishing category.
  Scraping 0 products...
Finished category Ամեն ինչ կենդանիների համար. Total products: 0
[38/69] Scraping category: Վիսկի (https://yerevan-city.am/shop/products/109)
  Loading products via infinite scroll...
  Scroll 1: Found 30 products
  Scroll 2: Found 67 products
  Scroll 3: Found 94 products
  Scroll 4: Found 94 products
  No new products loaded, finishing category.
  Scraping 94 products...
    Scraped 50/94 products...
Finished category Վիսկի. Total products: 94
[39/69] Scraping category: Վիսկի կուպաժավորված (https://yerevan-city.am/shop/products/614)
  Loading products via infinite scroll...
  Scroll 1: Found 49 products
  Scroll 2: Found 49 products
  No new products loaded, finishing category.
  Scraping 49 products...
Finished category Վիսկի կուպաժավորված. Total products: 49
[40/69] Scraping category: Վիսկի մեկ ածիկային (https://yerevan-city.am/shop/products/615)
  Loading products via infinite scroll...
  Scroll 1: Found 37 products
  Scroll 2: Found 39 products
  Scroll 3: Found 39 products
  No new products loaded, finishing category.
  Scraping 39 products...
Finished category Վիսկի մեկ ածիկային. Total products: 39
[41/69] Scraping category: Բուրբոն (https://yerevan-city.am/shop/products/616)
  Loading products via infinite scroll...
  Scroll 1: Found 20 products
  Scroll 2: Found 20 products
  No new products loaded, finishing category.
  Scraping 20 products...
Finished category Բուրբոն. Total products: 20
[42/69] Scraping category: Կոնյակ և Բրենդի (https://yerevan-city.am/shop/products/116)
  Loading products via infinite scroll...
  Scroll 1: Found 70 products
  Scroll 2: Found 100 products
  Scroll 3: Found 130 products
  Scroll 4: Found 160 products
  Scroll 5: Found 181 products
  Scroll 6: Found 181 products
  No new products loaded, finishing category.
  Scraping 181 products...
    Scraped 50/181 products...
    Scraped 100/181 products...
    Scraped 150/181 products...
Finished category Կոնյակ և Բրենդի. Total products: 181
[43/69] Scraping category: Կոնյակ, Բրենդի հայկական (https://yerevan-city.am/shop/products/617)
  Loading products via infinite scroll...
  Scroll 1: Found 67 products
  Scroll 2: Found 97 products
  Scroll 3: Found 127 products
  Scroll 4: Found 157 products
  Scroll 5: Found 171 products
  Scroll 6: Found 171 products
  No new products loaded, finishing category.
  Scraping 171 products...
    Scraped 50/171 products...
    Scraped 100/171 products...
    Scraped 150/171 products...
Finished category Կոնյակ, Բրենդի հայկական. Total products: 171
[44/69] Scraping category: Կոնյակ, Բրենդի ներմուծված (https://yerevan-city.am/shop/products/618)
  Loading products via infinite scroll...
  Scroll 1: Found 14 products
  Scroll 2: Found 14 products
  No new products loaded, finishing category.
  Scraping 14 products...
Finished category Կոնյակ, Բրենդի ներմուծված. Total products: 14
[45/69] Scraping category: Օղի և Թուրմեր (https://yerevan-city.am/shop/products/118)
  Loading products via infinite scroll...
  Scroll 1: Found 67 products
  Scroll 2: Found 97 products
  Scroll 3: Found 127 products
  Scroll 4: Found 157 products
  Scroll 5: Found 187 products
  Scroll 6: Found 217 products
  Scroll 7: Found 237 products
  Scroll 8: Found 237 products
  No new products loaded, finishing category.
  Scraping 237 products...
    Scraped 50/237 products...
    Scraped 100/237 products...
    Scraped 150/237 products...
    Scraped 200/237 products...
Finished category Օղի և Թուրմեր. Total products: 237
[46/69] Scraping category: Օղի ներմուծված (https://yerevan-city.am/shop/products/621)
  Loading products via infinite scroll...
  Scroll 1: Found 65 products
  Scroll 2: Found 65 products
  No new products loaded, finishing category.
  Scraping 65 products...
    Scraped 50/65 products...
Finished category Օղի ներմուծված. Total products: 65
[47/69] Scraping category: Օղի հայկական (https://yerevan-city.am/shop/products/622)
  Loading products via infinite scroll...
  Scroll 1: Found 37 products
  Scroll 2: Found 67 products
  Scroll 3: Found 97 products
  Scroll 4: Found 97 products
  No new products loaded, finishing category.
  Scraping 97 products...
    Scraped 50/97 products...
Finished category Օղի հայկական. Total products: 97
[48/69] Scraping category: Օղի ռուսական (https://yerevan-city.am/shop/products/623)
  Loading products via infinite scroll...
  Scroll 1: Found 67 products
  Scroll 2: Found 88 products
  Scroll 3: Found 88 products
  No new products loaded, finishing category.
  Scraping 88 products...
    Scraped 50/88 products...
Finished category Օղի ռուսական. Total products: 88
[49/69] Scraping category: Թուրմ (https://yerevan-city.am/shop/products/624)
  Loading products via infinite scroll...
  Scroll 1: Found 8 products
  Scroll 2: Found 8 products
  No new products loaded, finishing category.
  Scraping 8 products...
Finished category Թուրմ. Total products: 8
[50/69] Scraping category: Գարեջուր, սիդր և կոկտեյլ (https://yerevan-city.am/shop/products/119)
  Loading products via infinite scroll...
  Scroll 1: Found 67 products
  Scroll 2: Found 97 products
  Scroll 3: Found 127 products
  Scroll 4: Found 157 products
  Scroll 5: Found 187 products
  Scroll 6: Found 217 products
  Scroll 7: Found 243 products
  Scroll 8: Found 243 products
  No new products loaded, finishing category.
  Scraping 243 products...
    Scraped 50/243 products...
    Scraped 100/243 products...
    Scraped 150/243 products...
    Scraped 200/243 products...
Finished category Գարեջուր, սիդր և կոկտեյլ. Total products: 243
[51/69] Scraping category: Գարեջուր ներմուծված (https://yerevan-city.am/shop/products/628)
  Loading products via infinite scroll...
  Scroll 1: Found 67 products
  Scroll 2: Found 97 products
  Scroll 3: Found 127 products
  Scroll 4: Found 155 products
  Scroll 5: Found 155 products
  No new products loaded, finishing category.
  Scraping 155 products...
    Scraped 50/155 products...
    Scraped 100/155 products...
    Scraped 150/155 products...
Finished category Գարեջուր ներմուծված. Total products: 155
[52/69] Scraping category: Գարեջուր հայկական (https://yerevan-city.am/shop/products/629)
  Loading products via infinite scroll...
  Scroll 1: Found 37 products
  Scroll 2: Found 66 products
  Scroll 3: Found 66 products
  No new products loaded, finishing category.
  Scraping 66 products...
    Scraped 50/66 products...
Finished category Գարեջուր հայկական. Total products: 66
[53/69] Scraping category: Կոկտեյլ և Սիդր (https://yerevan-city.am/shop/products/630)
  Loading products via infinite scroll...
  Scroll 1: Found 36 products
  Scroll 2: Found 36 products
  No new products loaded, finishing category.
  Scraping 36 products...
Finished category Կոկտեյլ և Սիդր. Total products: 36
[54/69] Scraping category: Ալկոհոլ մինի շշերով (https://yerevan-city.am/shop/products/121)
  Loading products via infinite scroll...
  Scroll 1: Found 51 products
  Scroll 2: Found 51 products
  No new products loaded, finishing category.
  Scraping 51 products...
    Scraped 50/51 products...
Finished category Ալկոհոլ մինի շշերով. Total products: 51
[55/69] Scraping category: Ջին, լիկյոր, ռոմ, տեկիլա մինի շշերով (https://yerevan-city.am/shop/products/686)
  Loading products via infinite scroll...
  Scroll 1: Found 48 products
  Scroll 2: Found 48 products
  No new products loaded, finishing category.
  Scraping 48 products...
Finished category Ջին, լիկյոր, ռոմ, տեկիլա մինի շշերով. Total products: 48
[56/69] Scraping category: Գինի, փրփրուն գինի մինի շշերով (https://yerevan-city.am/shop/products/688)
  Loading products via infinite scroll...
  Scroll 1: Found 10 products
  Scroll 2: Found 10 products
  No new products loaded, finishing category.
  Scraping 10 products...
Finished category Գինի, փրփրուն գինի մինի շշերով. Total products: 10
[57/69] Scraping category: Վիսկի, օղի, կոնյակ մինի շշերով (https://yerevan-city.am/shop/products/697)
  Loading products via infinite scroll...
  Scroll 1: Found 7 products
  Scroll 2: Found 7 products
  No new products loaded, finishing category.
  Scraping 7 products...
Finished category Վիսկի, օղի, կոնյակ մինի շշերով. Total products: 7
[58/69] Scraping category: Տեկիլա, աբսենտ, ռոմ, լիկյոր և ջին (https://yerevan-city.am/shop/products/127)
  Loading products via infinite scroll...
  Scroll 1: Found 67 products
  Scroll 2: Found 97 products
  Scroll 3: Found 127 products
  Scroll 4: Found 128 products
  Scroll 5: Found 128 products
  No new products loaded, finishing category.
  Scraping 128 products...
    Scraped 50/128 products...
    Scraped 100/128 products...
Finished category Տեկիլա, աբսենտ, ռոմ, լիկյոր և ջին. Total products: 128
[59/69] Scraping category: Տեկիլա (https://yerevan-city.am/shop/products/625)
  Loading products via infinite scroll...
  Scroll 1: Found 38 products
  Scroll 2: Found 38 products
  No new products loaded, finishing category.
  Scraping 38 products...
Finished category Տեկիլա. Total products: 38
[60/69] Scraping category: Ռոմ (https://yerevan-city.am/shop/products/626)
  Loading products via infinite scroll...
  Scroll 1: Found 26 products
  Scroll 2: Found 26 products
  No new products loaded, finishing category.
  Scraping 26 products...
Finished category Ռոմ. Total products: 26
[61/69] Scraping category: Ջին (https://yerevan-city.am/shop/products/627)
  Loading products via infinite scroll...
  Scroll 1: Found 45 products
  Scroll 2: Found 45 products
  No new products loaded, finishing category.
  Scraping 45 products...
Finished category Ջին. Total products: 45
[62/69] Scraping category: Աբսենտ (https://yerevan-city.am/shop/products/1595)
  Loading products via infinite scroll...
  Scroll 1: Found 9 products
  Scroll 2: Found 9 products
  No new products loaded, finishing category.
  Scraping 9 products...
Finished category Աբսենտ. Total products: 9
[63/69] Scraping category: Լիկյոր (https://yerevan-city.am/shop/products/1596)
  Loading products via infinite scroll...
  Scroll 1: Found 38 products
  Scroll 2: Found 38 products
  No new products loaded, finishing category.
  Scraping 38 products...
Finished category Լիկյոր. Total products: 38
[64/69] Scraping category: Գինի, Վերմուտ, Փրփրուն գինի (https://yerevan-city.am/shop/products/1597)
  Loading products via infinite scroll...
  Scroll 1: Found 7 products
  Scroll 2: Found 37 products
  Scroll 3: Found 67 products
  Scroll 4: Found 97 products
  Scroll 5: Found 127 products
  Scroll 6: Found 157 products
  Scroll 7: Found 187 products
  Scroll 8: Found 217 products
  Scroll 9: Found 247 products
  Scroll 10: Found 277 products
  Scroll 11: Found 307 products
  Scroll 12: Found 337 products
  Scroll 13: Found 367 products
  Scroll 14: Found 397 products
  Scroll 15: Found 427 products
  Scroll 16: Found 457 products
  Scroll 17: Found 487 products
  Scroll 18: Found 517 products
  Scroll 19: Found 547 products
  Scroll 20: Found 577 products
  Scraping 577 products...
    Scraped 50/577 products...
    Scraped 100/577 products...
    Scraped 150/577 products...
    Scraped 200/577 products...
    Scraped 250/577 products...
    Scraped 300/577 products...
    Scraped 350/577 products...
    Scraped 400/577 products...
    Scraped 450/577 products...
    Scraped 500/577 products...
    Scraped 550/577 products...
Finished category Գինի, Վերմուտ, Փրփրուն գինի. Total products: 577
[65/69] Scraping category: Փրփրուն գինի, Շամպայն (https://yerevan-city.am/shop/products/1598)
  Loading products via infinite scroll...
  Scroll 1: Found 67 products
  Scroll 2: Found 97 products
  Scroll 3: Found 120 products
  Scroll 4: Found 120 products
  No new products loaded, finishing category.
  Scraping 120 products...
    Scraped 50/120 products...
    Scraped 100/120 products...
Finished category Փրփրուն գինի, Շամպայն. Total products: 120
[66/69] Scraping category: Վերմուտ (https://yerevan-city.am/shop/products/1599)
  Loading products via infinite scroll...
  Scroll 1: Found 16 products
  Scroll 2: Found 16 products
  No new products loaded, finishing category.
  Scraping 16 products...
Finished category Վերմուտ. Total products: 16
[67/69] Scraping category: Գինի (https://yerevan-city.am/shop/products/1600)
  Loading products via infinite scroll...
  Scroll 1: Found 67 products
  Scroll 2: Found 97 products
  Scroll 3: Found 127 products
  Scroll 4: Found 157 products
  Scroll 5: Found 187 products
  Scroll 6: Found 217 products
  Scroll 7: Found 247 products
  Scroll 8: Found 277 products
  Scroll 9: Found 307 products
  Scroll 10: Found 337 products
  Scroll 11: Found 367 products
  Scroll 12: Found 397 products
  Scroll 13: Found 427 products
  Scroll 14: Found 457 products
  Scroll 15: Found 487 products
  Scroll 16: Found 517 products
  Scroll 17: Found 542 products
  Scroll 18: Found 542 products
  No new products loaded, finishing category.
  Scraping 542 products...
    Scraped 50/542 products...
    Scraped 100/542 products...
    Scraped 150/542 products...
    Scraped 200/542 products...
    Scraped 250/542 products...
    Scraped 300/542 products...
    Scraped 350/542 products...
    Scraped 400/542 products...
    Scraped 450/542 products...
    Scraped 500/542 products...
Finished category Գինի. Total products: 542
[68/69] Scraping category: Հավաքածուներ և հուշանվերային շշեր (https://yerevan-city.am/shop/products/1601)
  Loading products via infinite scroll...
  Scroll 1: Found 32 products
  Scroll 2: Found 32 products
  No new products loaded, finishing category.
  Scraping 32 products...
Finished category Հավաքածուներ և հուշանվերային շշեր. Total products: 32
[69/69] Scraping category: Հավաքածուներ և հուշանվերային շշեր (https://yerevan-city.am/shop/products/1603)
  Loading products via infinite scroll...
  Scroll 1: Found 32 products
  Scroll 2: Found 32 products
  No new products loaded, finishing category.
  Scraping 32 products...
Finished category Հավաքածուներ և հուշանվերային շշեր. Total products: 32
Scraped total 15550 products. Saved to /home/codeex/Projects/product-aggregator/data/products_yerevan_city.json
