Starting scrape for https://www.sas.am
Navigating to https://www.sas.am to find categories...
Found 248 categories.
[1/248] Scraping category: Աղցան (https://www.sas.am/catalog/salaty12/)
  Scraping page 1...
  Found 24 products on page 1.
  Scraping page 2...
  Found 12 products on page 2.
Finished category Աղցան. Total products: 36
[2/248] Scraping category: Թարմ միս (https://www.sas.am/catalog/freshmeatt/)
  Scraping page 1...
  Found 4 products on page 1.
Finished category Թարմ միս. Total products: 4
[3/248] Scraping category: Պահածոյացված մթերք (https://www.sas.am/catalog/konservirovannye_produkty145/)
  Scraping page 1...
  Found 7 products on page 1.
Finished category Պահածոյացված մթերք. Total products: 7
[4/248] Scraping category: Մսամթերք (https://www.sas.am/catalog/myasnye_produkty/)
  Scraping page 1...
  Found 24 products on page 1.
  Scraping page 2...
  Found 13 products on page 2.
Finished category Մսամթերք. Total products: 37
[5/248] Scraping category: Ըմպելիք (https://www.sas.am/catalog/napitki-/)
  Scraping page 1...
  Found 12 products on page 1.
Finished category Ըմպելիք. Total products: 12
[6/248] Scraping category: Կարկանդակ (https://www.sas.am/catalog/piee/)
  Scraping page 1...
  Found 8 products on page 1.
Finished category Կարկանդակ. Total products: 8
[7/248] Scraping category: Կիսաֆաբրիկատ (https://www.sas.am/catalog/polufabrikaty-/)
  Scraping page 1...
  Found 22 products on page 1.
Finished category Կիսաֆաբրիկատ. Total products: 22
[8/248] Scraping category: Քաղցրավենիք (https://www.sas.am/catalog/sladosti858/)
  Scraping page 1...
  Found 6 products on page 1.
Finished category Քաղցրավենիք. Total products: 6
[9/248] Scraping category: Աղցան (https://www.sas.am/catalog/salaty/)
  Scraping page 1...
  Found 24 products on page 1.
  Scraping page 2...
  Found 20 products on page 2.
Finished category Աղցան. Total products: 44
[10/248] Scraping category: Թթու (https://www.sas.am/catalog/solene/)
  Scraping page 1...
  Found 7 products on page 1.
Finished category Թթու. Total products: 7
[11/248] Scraping category: Սենդվիչ (https://www.sas.am/catalog/drugie_gotovye_bljuda/)
  Scraping page 1...
  Found 5 products on page 1.
Finished category Սենդվիչ. Total products: 5
[12/248] Scraping category: Միրգ (https://www.sas.am/catalog/frukty/)
  Scraping page 1...
  Found 24 products on page 1.
  Scraping page 2...
  Found 15 products on page 2.
Finished category Միրգ. Total products: 39
[13/248] Scraping category: Հատապտուղ (https://www.sas.am/catalog/yagody/)
  Scraping page 1...
  Found 5 products on page 1.
Finished category Հատապտուղ. Total products: 5
[14/248] Scraping category: Էկզոտիկ միրգ (https://www.sas.am/catalog/ekzotika/)
  Scraping page 1...
  Found 24 products on page 1.
  Scraping page 2...
  Found 24 products on page 2.
  Scraping page 3...
  Found 3 products on page 3.
Finished category Էկզոտիկ միրգ. Total products: 51
[15/248] Scraping category: Բանջարեղեն (https://www.sas.am/catalog/ovoshchi/)
  Scraping page 1...
  Found 24 products on page 1.
  Scraping page 2...
  Found 24 products on page 2.
  Scraping page 3...
  Found 5 products on page 3.
Finished category Բանջարեղեն. Total products: 53
[16/248] Scraping category: Կանաչի (https://www.sas.am/catalog/zelen/)
  Scraping page 1...
  Found 24 products on page 1.
  Scraping page 2...
  Found 8 products on page 2.
Finished category Կանաչի. Total products: 32
[17/248] Scraping category: Հայկական պանիր (https://www.sas.am/catalog/armyanskiy_syr/)
  Scraping page 1...
  Found 24 products on page 1.
  Scraping page 2...
  Found 24 products on page 2.
  Scraping page 3...
  Found 24 products on page 3.
  Scraping page 4...
  Found 24 products on page 4.
  Scraping page 5...
  Found 3 products on page 5.
Finished category Հայկական պանիր. Total products: 99
[18/248] Scraping category: Ներմուծված պանիր (https://www.sas.am/catalog/importnyy_syr/)
  Scraping page 1...
  Found 24 products on page 1.
  Scraping page 2...
  Found 24 products on page 2.
  Scraping page 3...
  Found 24 products on page 3.
  Scraping page 4...
  Found 24 products on page 4.
  Scraping page 5...
  Found 24 products on page 5.
  Scraping page 6...
  Found 24 products on page 6.
  Scraping page 7...
  Found 24 products on page 7.
  Scraping page 8...
  Found 24 products on page 8.
  Scraping page 9...
  Found 24 products on page 9.
  Scraping page 10...
  Found 24 products on page 10.
  Scraping page 11...
  Found 24 products on page 11.
  Scraping page 12...
  Found 24 products on page 12.
  Scraping page 13...
  Found 24 products on page 13.
  Scraping page 14...
  Found 24 products on page 14.
  Scraping page 15...
  Found 24 products on page 15.
  Scraping page 16...
  Found 1 products on page 16.
Finished category Ներմուծված պանիր. Total products: 361
[19/248] Scraping category: Կարագ, մարգարին (https://www.sas.am/catalog/slivochnoe_maslo/)
  Scraping page 1...
  Found 24 products on page 1.
  Scraping page 2...
  Found 16 products on page 2.
Finished category Կարագ, մարգարին. Total products: 40
[20/248] Scraping category: Կաթ (https://www.sas.am/catalog/moloko/)
  Scraping page 1...
  Found 24 products on page 1.
  Scraping page 2...
  Found 24 products on page 2.
  Scraping page 3...
  Found 2 products on page 3.
Finished category Կաթ. Total products: 50
[21/248] Scraping category: Ոչ կաթնային ըմպելիք (https://www.sas.am/catalog/vochkatnayin/)
  Scraping page 1...
  Found 23 products on page 1.
Finished category Ոչ կաթնային ըմպելիք. Total products: 23
[22/248] Scraping category: Խտացրած կաթ (https://www.sas.am/catalog/sgushchennoe_moloko/)
  Scraping page 1...
  Found 18 products on page 1.
Finished category Խտացրած կաթ. Total products: 18
[23/248] Scraping category: Կեֆիր (https://www.sas.am/catalog/kefir/)
  Scraping page 1...
  Found 10 products on page 1.
Finished category Կեֆիր. Total products: 10
[24/248] Scraping category: Թան, մածնաբրդոշ (https://www.sas.am/catalog/tan_okroshka/)
  Scraping page 1...
  Found 19 products on page 1.
Finished category Թան, մածնաբրդոշ. Total products: 19
[25/248] Scraping category: Մածուն (https://www.sas.am/catalog/matsoni/)
  Scraping page 1...
  Found 24 products on page 1.
  Scraping page 2...
  Found 11 products on page 2.
Finished category Մածուն. Total products: 35
[26/248] Scraping category: Թթվասեր (https://www.sas.am/catalog/smetana/)
  Scraping page 1...
  Found 24 products on page 1.
  Scraping page 2...
  Found 8 products on page 2.
Finished category Թթվասեր. Total products: 32
[27/248] Scraping category: Ձու (https://www.sas.am/catalog/yaytso/)
  Scraping page 1...
  Found 16 products on page 1.
Finished category Ձու. Total products: 16
[28/248] Scraping category: Կաթնաշոռային արտադրանք (https://www.sas.am/catalog/tvorozhnye_izdeliya/)
  Scraping page 1...
  Found 24 products on page 1.
  Scraping page 2...
  Found 24 products on page 2.
  Scraping page 3...
  Found 24 products on page 3.
  Scraping page 4...
  Found 11 products on page 4.
Finished category Կաթնաշոռային արտադրանք. Total products: 83
[29/248] Scraping category: Յոգուրտ, սերուցք (https://www.sas.am/catalog/yogurty_i_slivki/)
  Scraping page 1...
  Found 24 products on page 1.
  Scraping page 2...
  Found 24 products on page 2.
  Scraping page 3...
  Found 24 products on page 3.
  Scraping page 4...
  Found 24 products on page 4.
  Scraping page 5...
  Found 24 products on page 5.
  Scraping page 6...
  Found 24 products on page 6.
  Scraping page 7...
  Found 24 products on page 7.
  Scraping page 8...
  Found 24 products on page 8.
  Scraping page 9...
  Found 24 products on page 9.
  Scraping page 10...
  Found 24 products on page 10.
  Scraping page 11...
  Found 24 products on page 11.
  Scraping page 12...
  Found 24 products on page 12.
  Scraping page 13...
  Found 21 products on page 13.
Finished category Յոգուրտ, սերուցք. Total products: 309
[30/248] Scraping category: Ռեժան, կաթի սեր (https://www.sas.am/catalog/drugie_molochnye_produkty/)
  Scraping page 1...
  Found 4 products on page 1.
Finished category Ռեժան, կաթի սեր. Total products: 4
[31/248] Scraping category: Coca-Cola (https://www.sas.am/catalog/kokakola/)
  Scraping page 1...
  Found 8 products on page 1.
Finished category Coca-Cola. Total products: 8
[32/248] Scraping category: Coca-Cola Zero (https://www.sas.am/catalog/cocacolazero/)
  Scraping page 1...
  Found 6 products on page 1.
Finished category Coca-Cola Zero. Total products: 6
[33/248] Scraping category: Հաց (https://www.sas.am/catalog/khleb/)
  Scraping page 1...
  Found 24 products on page 1.
  Scraping page 2...
  Found 24 products on page 2.
  Scraping page 3...
  Found 24 products on page 3.
  Scraping page 4...
  Found 24 products on page 4.
  Scraping page 5...
  Found 24 products on page 5.
  Scraping page 6...
  Found 24 products on page 6.
  Scraping page 7...
  Found 24 products on page 7.
  Scraping page 8...
  Found 4 products on page 8.
Finished category Հաց. Total products: 172
[34/248] Scraping category: Լավաշ (https://www.sas.am/catalog/lavashhh/)
  Scraping page 1...
  Found 9 products on page 1.
Finished category Լավաշ. Total products: 9
[35/248] Scraping category: Բուլկի (https://www.sas.am/catalog/bulochka_kruasan/)
  Scraping page 1...
  Found 9 products on page 1.
Finished category Բուլկի. Total products: 9
[36/248] Scraping category: Խաչապուրի (https://www.sas.am/catalog/sloyka/)
  Scraping page 1...
  Found 2 products on page 1.
Finished category Խաչապուրի. Total products: 2
[37/248] Scraping category: Կարկանդակ (https://www.sas.am/catalog/pirozhok/)
  Scraping page 1...
  Found 11 products on page 1.
Finished category Կարկանդակ. Total products: 11
[38/248] Scraping category: Գաթա (https://www.sas.am/catalog/gata/)
  Scraping page 1...
  Found 6 products on page 1.
Finished category Գաթա. Total products: 6
[39/248] Scraping category: Դոնաթ (https://www.sas.am/catalog/donats_ponchik/)
  Scraping page 1...
  Found 2 products on page 1.
Finished category Դոնաթ. Total products: 2
[40/248] Scraping category: Կրուասան (https://www.sas.am/catalog/croissant/)
  Scraping page 1...
  Found 24 products on page 1.
  Scraping page 2...
  Found 16 products on page 2.
Finished category Կրուասան. Total products: 40
[41/248] Scraping category: Տավարի միս (https://www.sas.am/catalog/govyadina_svizaja/)
  Scraping page 1...
  Found 24 products on page 1.
  Scraping page 2...
  Found 7 products on page 2.
Finished category Տավարի միս. Total products: 31
[42/248] Scraping category: Խոզի միս (https://www.sas.am/catalog/svinina_svezaja/)
  Scraping page 1...
  Found 9 products on page 1.
Finished category Խոզի միս. Total products: 9
[43/248] Scraping category: Գառան միս (https://www.sas.am/catalog/baranina/)
  Scraping page 1...
  Found 4 products on page 1.
Finished category Գառան միս. Total products: 4
[44/248] Scraping category: Հավի միս, ճուտ (https://www.sas.am/catalog/kuritsa_tsyplenok/)
  Scraping page 1...
  Found 17 products on page 1.
Finished category Հավի միս, ճուտ. Total products: 17
[45/248] Scraping category: Կենդանի ձուկ, խեցգետին (https://www.sas.am/catalog/zhivaya_ryba/)
  Scraping page 1...
  Found 2 products on page 1.
Finished category Կենդանի ձուկ, խեցգետին. Total products: 2
[46/248] Scraping category: Ծովամթերք (https://www.sas.am/catalog/moreprodukt/)
  Scraping page 1...
  Found 24 products on page 1.
  Scraping page 2...
  Found 24 products on page 2.
  Scraping page 3...
  Found 24 products on page 3.
  Scraping page 4...
  Found 12 products on page 4.
Finished category Ծովամթերք. Total products: 84
[47/248] Scraping category: Ապխտած ձուկ (https://www.sas.am/catalog/kopcheniya_slabosolenaya/)
  Scraping page 1...
  Found 24 products on page 1.
  Scraping page 2...
  Found 24 products on page 2.
  Scraping page 3...
  Found 23 products on page 3.
Finished category Ապխտած ձուկ. Total products: 71
[48/248] Scraping category: Պահածոներ (https://www.sas.am/catalog/preservy/)
  Scraping page 1...
  Found 1 products on page 1.
Finished category Պահածոներ. Total products: 1
[49/248] Scraping category: Սառեցված ձուկ (https://www.sas.am/catalog/zamorozhennaya_ryba/)
  Scraping page 1...
  Found 21 products on page 1.
Finished category Սառեցված ձուկ. Total products: 21
[50/248] Scraping category: Ձկնկիթ (https://www.sas.am/catalog/ikra/)
  Scraping page 1...
  Found 24 products on page 1.
  Scraping page 2...
  Found 24 products on page 2.
  Scraping page 3...
  Found 3 products on page 3.
Finished category Ձկնկիթ. Total products: 51
[51/248] Scraping category: Ձկնային պահածո (https://www.sas.am/catalog/rybnye_konservy/)
  Scraping page 1...
  Found 24 products on page 1.
  Scraping page 2...
  Found 24 products on page 2.
  Scraping page 3...
  Found 24 products on page 3.
  Scraping page 4...
  Found 24 products on page 4.
  Scraping page 5...
  Found 24 products on page 5.
  Scraping page 6...
  Found 21 products on page 6.
Finished category Ձկնային պահածո. Total products: 141
[52/248] Scraping category: Չորացրած ձուկ (https://www.sas.am/catalog/sushenaya/)
  Scraping page 1...
  Found 15 products on page 1.
Finished category Չորացրած ձուկ. Total products: 15
[53/248] Scraping category: Եփած մսամթերք (https://www.sas.am/catalog/varenye_myasoprodukty/)
  Scraping page 1...
  Found 24 products on page 1.
  Scraping page 2...
  Found 24 products on page 2.
  Scraping page 3...
  Found 24 products on page 3.
  Scraping page 4...
  Found 24 products on page 4.
  Scraping page 5...
  Found 24 products on page 5.
  Scraping page 6...
  Found 24 products on page 6.
  Scraping page 7...
  Found 11 products on page 7.
Finished category Եփած մսամթերք. Total products: 155
[54/248] Scraping category: Ապխտած մսամթերք (https://www.sas.am/catalog/kopchenye_myasoprodukty/)
  Scraping page 1...
  Found 24 products on page 1.
  Scraping page 2...
  Found 24 products on page 2.
  Scraping page 3...
  Found 24 products on page 3.
  Scraping page 4...
  Found 24 products on page 4.
  Scraping page 5...
  Found 24 products on page 5.
  Scraping page 6...
  Found 24 products on page 6.
  Scraping page 7...
  Found 24 products on page 7.
  Scraping page 8...
  Found 10 products on page 8.
Finished category Ապխտած մսամթերք. Total products: 178
[55/248] Scraping category: Բաստուրմա, սուջուխ (https://www.sas.am/catalog/basturma_i_sudzhuk/)
  Scraping page 1...
  Found 16 products on page 1.
Finished category Բաստուրմա, սուջուխ. Total products: 16
[56/248] Scraping category: Մսային դելիկատես (https://www.sas.am/catalog/myasnoy_delikates/)
  Scraping page 1...
  Found 24 products on page 1.
  Scraping page 2...
  Found 21 products on page 2.
Finished category Մսային դելիկատես. Total products: 45
[57/248] Scraping category: Կտրտած մսամթերք (https://www.sas.am/catalog/myasnaya_narezka/)
  Scraping page 1...
  Found 24 products on page 1.
  Scraping page 2...
  Found 24 products on page 2.
  Scraping page 3...
  Found 24 products on page 3.
  Scraping page 4...
  Found 5 products on page 4.
Finished category Կտրտած մսամթերք. Total products: 77
[58/248] Scraping category: Ձավարեղեն (https://www.sas.am/catalog/krupy/)
  Scraping page 1...
  Found 24 products on page 1.
  Scraping page 2...
  Found 24 products on page 2.
  Scraping page 3...
  Found 19 products on page 3.
Finished category Ձավարեղեն. Total products: 67
[59/248] Scraping category: Լոբազգիներ և բրինձ (https://www.sas.am/catalog/_legumes/)
  Scraping page 1...
  Found 24 products on page 1.
  Scraping page 2...
  Found 24 products on page 2.
  Scraping page 3...
  Found 24 products on page 3.
  Scraping page 4...
  Found 24 products on page 4.
  Scraping page 5...
  Found 6 products on page 5.
Finished category Լոբազգիներ և բրինձ. Total products: 102
[60/248] Scraping category: Ալյուր (https://www.sas.am/catalog/risovaya_kukuruznaya/)
  Scraping page 1...
  Found 24 products on page 1.
  Scraping page 2...
  Found 13 products on page 2.
Finished category Ալյուր. Total products: 37
[61/248] Scraping category: Համեմունք (https://www.sas.am/catalog/spicess/)
  Scraping page 1...
  Found 24 products on page 1.
  Scraping page 2...
  Found 24 products on page 2.
  Scraping page 3...
  Found 24 products on page 3.
  Scraping page 4...
  Found 24 products on page 4.
  Scraping page 5...
  Found 24 products on page 5.
  Scraping page 6...
  Found 24 products on page 6.
  Scraping page 7...
  Found 24 products on page 7.
  Scraping page 8...
  Found 24 products on page 8.
  Scraping page 9...
  Found 24 products on page 9.
  Scraping page 10...
  Found 24 products on page 10.
  Scraping page 11...
  Found 4 products on page 11.
Finished category Համեմունք. Total products: 244
[62/248] Scraping category: Շաքարավազ, աղ, սոդա (https://www.sas.am/catalog/sakhar_sol_soda/)
  Scraping page 1...
  Found 24 products on page 1.
  Scraping page 2...
  Found 24 products on page 2.
  Scraping page 3...
  Found 24 products on page 3.
  Scraping page 4...
  Found 4 products on page 4.
Finished category Շաքարավազ, աղ, սոդա. Total products: 76
[63/248] Scraping category: Սնկային պահածո (https://www.sas.am/catalog/gribnye_konservy/)
  Scraping page 1...
  Found 19 products on page 1.
Finished category Սնկային պահածո. Total products: 19
[64/248] Scraping category: Բանջարեղենային պահածո (https://www.sas.am/catalog/ovoshchnye_konservy/)
  Scraping page 1...
  Found 24 products on page 1.
  Scraping page 2...
  Found 24 products on page 2.
  Scraping page 3...
  Found 24 products on page 3.
  Scraping page 4...
  Found 24 products on page 4.
  Scraping page 5...
  Found 24 products on page 5.
  Scraping page 6...
  Found 24 products on page 6.
  Scraping page 7...
  Found 24 products on page 7.
  Scraping page 8...
  Found 24 products on page 8.
  Scraping page 9...
  Found 24 products on page 9.
  Scraping page 10...
  Found 24 products on page 10.
  Scraping page 11...
  Found 24 products on page 11.
  Scraping page 12...
  Found 3 products on page 12.
Finished category Բանջարեղենային պահածո. Total products: 267
[65/248] Scraping category: Տոմատի մածուկ (https://www.sas.am/catalog/pasta_tomatnaya/)
  Scraping page 1...
  Found 24 products on page 1.
Finished category Տոմատի մածուկ. Total products: 24
[66/248] Scraping category: Ձիթապտուղ (https://www.sas.am/catalog/olivki_masliny/)
  Scraping page 1...
  Found 24 products on page 1.
  Scraping page 2...
  Found 24 products on page 2.
  Scraping page 3...
  Found 24 products on page 3.
  Scraping page 4...
  Found 24 products on page 4.
  Scraping page 5...
  Found 24 products on page 5.
  Scraping page 6...
  Found 18 products on page 6.
Finished category Ձիթապտուղ. Total products: 138
[67/248] Scraping category: Մսային պահածո, պաշտետ (https://www.sas.am/catalog/myasnye_konservy_pashtety/)
  Scraping page 1...
  Found 24 products on page 1.
  Scraping page 2...
  Found 9 products on page 2.
Finished category Մսային պահածո, պաշտետ. Total products: 33
[68/248] Scraping category: Մրգային պահածո և մեղր (https://www.sas.am/catalog/fruktovye_konservy/)
  Scraping page 1...
  Found 24 products on page 1.
  Scraping page 2...
  Found 24 products on page 2.
  Scraping page 3...
  Found 24 products on page 3.
  Scraping page 4...
  Found 24 products on page 4.
  Scraping page 5...
  Found 24 products on page 5.
Finished category Մրգային պահածո և մեղր. Total products: 120
[69/248] Scraping category: Այլ (https://www.sas.am/catalog/drugie_konserva/)
  Scraping page 1...
  Found 4 products on page 1.
Finished category Այլ. Total products: 4
[70/248] Scraping category: Մակարոն (https://www.sas.am/catalog/makaronyy/)
  Scraping page 1...
  Found 24 products on page 1.
  Scraping page 2...
  Found 24 products on page 2.
  Scraping page 3...
  Found 24 products on page 3.
  Scraping page 4...
  Found 24 products on page 4.
  Scraping page 5...
  Found 24 products on page 5.
  Scraping page 6...
  Found 24 products on page 6.
  Scraping page 7...
  Found 6 products on page 7.
Finished category Մակարոն. Total products: 150
[71/248] Scraping category: Վերմիշել, լապշա (https://www.sas.am/catalog/vermishel_lapsha/)
  Scraping page 1...
  Found 24 products on page 1.
Finished category Վերմիշել, լապշա. Total products: 24
[72/248] Scraping category: Սպագետի (https://www.sas.am/catalog/spagetti_kapelini/)
  Scraping page 1...
  Found 24 products on page 1.
  Scraping page 2...
  Found 10 products on page 2.
Finished category Սպագետի. Total products: 34
[73/248] Scraping category: Լազանյա, կանելոնի (https://www.sas.am/catalog/lazanya_kannelloni/)
  Scraping page 1...
  Found 5 products on page 1.
Finished category Լազանյա, կանելոնի. Total products: 5
[74/248] Scraping category: Արիշտա, թաթար-բորակի (https://www.sas.am/catalog/drugie_makaronnye_izdelija/)
  Scraping page 1...
  Found 10 products on page 1.
Finished category Արիշտա, թաթար-բորակի. Total products: 10
[75/248] Scraping category: Թռչնամիս (https://www.sas.am/catalog/ptitsa2/)
  Scraping page 1...
  Found 24 products on page 1.
  Scraping page 2...
  Found 5 products on page 2.
Finished category Թռչնամիս. Total products: 29
[76/248] Scraping category: Ձուկ, ծովամթերք (https://www.sas.am/catalog/ryba_moreprodukty/)
  Scraping page 1...
  Found 1 products on page 1.
Finished category Ձուկ, ծովամթերք. Total products: 1
[77/248] Scraping category: Սառույց (https://www.sas.am/catalog/led/)
  Scraping page 1...
  Found 9 products on page 1.
Finished category Սառույց. Total products: 9
[78/248] Scraping category: Սառեցված բանջարեղեն, միրգ, հատապտուղ (https://www.sas.am/catalog/frukty_ovoshchi_yagody/)
  Scraping page 1...
  Found 24 products on page 1.
  Scraping page 2...
  Found 24 products on page 2.
  Scraping page 3...
  Found 1 products on page 3.
Finished category Սառեցված բանջարեղեն, միրգ, հատապտուղ. Total products: 49
[79/248] Scraping category: Կիսաֆաբրիկատ (https://www.sas.am/catalog/polufabrikaty/)
  Scraping page 1...
  Found 24 products on page 1.
  Scraping page 2...
  Found 24 products on page 2.
  Scraping page 3...
  Found 24 products on page 3.
  Scraping page 4...
  Found 24 products on page 4.
  Scraping page 5...
  Found 24 products on page 5.
  Scraping page 6...
  Found 24 products on page 6.
  Scraping page 7...
  Found 10 products on page 7.
Finished category Կիսաֆաբրիկատ. Total products: 154
[80/248] Scraping category: Պաղպաղակ (https://www.sas.am/catalog/morozhenoe/)
  Scraping page 1...
  Found 24 products on page 1.
  Scraping page 2...
  Found 24 products on page 2.
  Scraping page 3...
  Found 24 products on page 3.
  Scraping page 4...
  Found 24 products on page 4.
  Scraping page 5...
  Found 24 products on page 5.
  Scraping page 6...
  Found 24 products on page 6.
  Scraping page 7...
  Found 24 products on page 7.
  Scraping page 8...
  Found 24 products on page 8.
  Scraping page 9...
  Found 24 products on page 9.
  Scraping page 10...
  Found 24 products on page 10.
  Scraping page 11...
  Found 24 products on page 11.
  Scraping page 12...
  Found 10 products on page 12.
Finished category Պաղպաղակ. Total products: 274
[81/248] Scraping category: Խաշ (https://www.sas.am/catalog/drugie_zamorozennye_produkty/)
  Scraping page 1...
  Found 4 products on page 1.
Finished category Խաշ. Total products: 4
[82/248] Scraping category: Ձեթ (https://www.sas.am/catalog/rastitelnoe/)
  Scraping page 1...
  Found 24 products on page 1.
  Scraping page 2...
  Found 24 products on page 2.
  Scraping page 3...
  Found 24 products on page 3.
  Scraping page 4...
  Found 24 products on page 4.
  Scraping page 5...
  Found 24 products on page 5.
  Scraping page 6...
  Found 24 products on page 6.
  Scraping page 7...
  Found 24 products on page 7.
  Scraping page 8...
  Found 11 products on page 8.
Finished category Ձեթ. Total products: 179
[83/248] Scraping category: Յուղ (https://www.sas.am/catalog/toplenoe/)
  Scraping page 1...
  Found 11 products on page 1.
Finished category Յուղ. Total products: 11
[84/248] Scraping category: Քացախ (https://www.sas.am/catalog/uksus/)
  Scraping page 1...
  Found 24 products on page 1.
  Scraping page 2...
  Found 4 products on page 2.
Finished category Քացախ. Total products: 28
[85/248] Scraping category: Կետչուպ (https://www.sas.am/catalog/ketchup_tomatnyy_sous/)
  Scraping page 1...
  Found 24 products on page 1.
  Scraping page 2...
  Found 7 products on page 2.
Finished category Կետչուպ. Total products: 31
[86/248] Scraping category: Սոուս, օշարակ (https://www.sas.am/catalog/sous/)
  Scraping page 1...
  Found 24 products on page 1.
  Scraping page 2...
  Found 24 products on page 2.
  Scraping page 3...
  Found 24 products on page 3.
  Scraping page 4...
  Found 24 products on page 4.
  Scraping page 5...
  Found 24 products on page 5.
  Scraping page 6...
  Found 24 products on page 6.
  Scraping page 7...
  Found 24 products on page 7.
  Scraping page 8...
  Found 24 products on page 8.
  Scraping page 9...
  Found 4 products on page 9.
Finished category Սոուս, օշարակ. Total products: 196
[87/248] Scraping category: Մայոնեզ (https://www.sas.am/catalog/mayonez/)
  Scraping page 1...
  Found 21 products on page 1.
Finished category Մայոնեզ. Total products: 21
[88/248] Scraping category: Մանանեխ, ծովաբողկ, չաման (https://www.sas.am/catalog/gorchitsa_khren_chaman/)
  Scraping page 1...
  Found 24 products on page 1.
  Scraping page 2...
  Found 3 products on page 2.
Finished category Մանանեխ, ծովաբողկ, չաման. Total products: 27
[89/248] Scraping category: Սուրճ (https://www.sas.am/catalog/kofe2564/)
  Scraping page 1...
  Found 24 products on page 1.
  Scraping page 2...
  Found 24 products on page 2.
  Scraping page 3...
  Found 24 products on page 3.
  Scraping page 4...
  Found 24 products on page 4.
  Scraping page 5...
  Found 24 products on page 5.
  Scraping page 6...
  Found 24 products on page 6.
  Scraping page 7...
  Found 24 products on page 7.
  Scraping page 8...
  Found 24 products on page 8.
  Scraping page 9...
  Found 24 products on page 9.
  Scraping page 10...
  Found 24 products on page 10.
  Scraping page 11...
  Found 24 products on page 11.
  Scraping page 12...
  Found 24 products on page 12.
  Scraping page 13...
  Found 24 products on page 13.
  Scraping page 14...
  Found 24 products on page 14.
  Scraping page 15...
  Found 24 products on page 15.
  Scraping page 16...
  Found 24 products on page 16.
  Scraping page 17...
  Found 24 products on page 17.
  Scraping page 18...
  Found 24 products on page 18.
  Scraping page 19...
  Found 24 products on page 19.
  Scraping page 20...
  Found 12 products on page 20.
Finished category Սուրճ. Total products: 468
[90/248] Scraping category: Թեյ (https://www.sas.am/catalog/chay/)
  Scraping page 1...
  Found 24 products on page 1.
  Scraping page 2...
  Found 24 products on page 2.
  Scraping page 3...
  Found 24 products on page 3.
  Scraping page 4...
  Found 24 products on page 4.
  Scraping page 5...
  Found 24 products on page 5.
  Scraping page 6...
  Found 24 products on page 6.
  Scraping page 7...
  Found 24 products on page 7.
  Scraping page 8...
  Found 24 products on page 8.
  Scraping page 9...
  Found 15 products on page 9.
Finished category Թեյ. Total products: 207
[91/248] Scraping category: Առանց ծուխ արտադրանք և աքսեսուար (https://www.sas.am/catalog/bez_dyma_tovary_i_aksessuary/)
  Scraping page 1...
  Found 24 products on page 1.
  Could not click next page. Finishing category.
Finished category Առանց ծուխ արտադրանք և աքսեսուար. Total products: 24
[92/248] Scraping category: Սիգար, սիգարիլա, թութուն (https://www.sas.am/catalog/sigara_sigarilla/)
  Scraping page 1...
  Found 24 products on page 1.
  Could not click next page. Finishing category.
Finished category Սիգար, սիգարիլա, թութուն. Total products: 24
[93/248] Scraping category: Ծխախոտ (https://www.sas.am/catalog/sigareta/)
  Scraping page 1...
  Found 24 products on page 1.
  Could not click next page. Finishing category.
Finished category Ծխախոտ. Total products: 24
[94/248] Scraping category: Կրակայրիչ, աքսեսուար (https://www.sas.am/catalog/aksessuary/)
  Scraping page 1...
  Found 24 products on page 1.
  Could not click next page. Finishing category.
Finished category Կրակայրիչ, աքսեսուար. Total products: 24
[95/248] Scraping category: Էլեկտրական ծխախոտ (https://www.sas.am/catalog/electsig/)
  Scraping page 1...
  Found 24 products on page 1.
  Could not click next page. Finishing category.
Finished category Էլեկտրական ծխախոտ. Total products: 24
[96/248] Scraping category: Գինի (https://www.sas.am/catalog/vino/)
  Scraping page 1...
  Found 24 products on page 1.
  Could not click next page. Finishing category.
Finished category Գինի. Total products: 24
[97/248] Scraping category: Վերմուտ (https://www.sas.am/catalog/vermut/)
  Scraping page 1...
  Found 9 products on page 1.
Finished category Վերմուտ. Total products: 9
[98/248] Scraping category: Շամպայն, փրփրուն գինի (https://www.sas.am/catalog/shampanskoe_igristoe_vino/)
  Scraping page 1...
  Found 24 products on page 1.
  Could not click next page. Finishing category.
Finished category Շամպայն, փրփրուն գինի. Total products: 24
[99/248] Scraping category: Կոնյակ, բրենդի (https://www.sas.am/catalog/konyak_brendi/)
  Scraping page 1...
  Found 24 products on page 1.
  Could not click next page. Finishing category.
Finished category Կոնյակ, բրենդի. Total products: 24
[100/248] Scraping category: Վիսկի (https://www.sas.am/catalog/viski/)
  Scraping page 1...
  Found 24 products on page 1.
  Could not click next page. Finishing category.
Finished category Վիսկի. Total products: 24
[101/248] Scraping category: Օղի (https://www.sas.am/catalog/vodka/)
  Scraping page 1...
  Found 24 products on page 1.
  Could not click next page. Finishing category.
Finished category Օղի. Total products: 24
[102/248] Scraping category: Ռոմ, տեկիլա, մեսկալ (https://www.sas.am/catalog/rom_i_tekilla/)
  Scraping page 1...
  Found 24 products on page 1.
  Could not click next page. Finishing category.
Finished category Ռոմ, տեկիլա, մեսկալ. Total products: 24
[103/248] Scraping category: Ջին, աբսենտ (https://www.sas.am/catalog/dzhin_absent/)
  Scraping page 1...
  Found 24 products on page 1.
  Could not click next page. Finishing category.
Finished category Ջին, աբսենտ. Total products: 24
[104/248] Scraping category: Լիկյոր (https://www.sas.am/catalog/liker/)
  Scraping page 1...
  Found 24 products on page 1.
  Could not click next page. Finishing category.
Finished category Լիկյոր. Total products: 24
[105/248] Scraping category: Ապերիտիվ, գրապպա, պորտվեյն, սանգրիա, շնապս (https://www.sas.am/catalog/drugie_alkogolnye_napitki/)
  Scraping page 1...
  Found 21 products on page 1.
Finished category Ապերիտիվ, գրապպա, պորտվեյն, սանգրիա, շնապս. Total products: 21
[106/248] Scraping category: Հայկական գարեջուր (https://www.sas.am/catalog/armyanskoe/)
  Scraping page 1...
  Found 24 products on page 1.
  Could not click next page. Finishing category.
Finished category Հայկական գարեջուր. Total products: 24
[107/248] Scraping category: Ներմուծված գարեջուր (https://www.sas.am/catalog/importnoe_pivo/)
  Scraping page 1...
  Found 24 products on page 1.
  Could not click next page. Finishing category.
Finished category Ներմուծված գարեջուր. Total products: 24
[108/248] Scraping category: Ամեն ինչ գարեջրի համար (https://www.sas.am/catalog/pivnik_dzherki/)
  Scraping page 1...
  Found 24 products on page 1.
  Scraping page 2...
  Found 24 products on page 2.
  Scraping page 3...
  Found 24 products on page 3.
  Scraping page 4...
  Found 21 products on page 4.
Finished category Ամեն ինչ գարեջրի համար. Total products: 93
[109/248] Scraping category: Ըմպելիքներ (https://www.sas.am/catalog/bezalkogolnye_napitki/)
  Scraping page 1...
  Found 24 products on page 1.
  Scraping page 2...
  Found 24 products on page 2.
  Scraping page 3...
  Found 24 products on page 3.
  Scraping page 4...
  Found 24 products on page 4.
  Scraping page 5...
  Found 24 products on page 5.
  Scraping page 6...
  Found 24 products on page 6.
  Scraping page 7...
  Found 24 products on page 7.
  Scraping page 8...
  Found 24 products on page 8.
  Scraping page 9...
  Found 24 products on page 9.
  Scraping page 10...
  Found 24 products on page 10.
  Scraping page 11...
  Found 24 products on page 11.
  Scraping page 12...
  Found 24 products on page 12.
  Scraping page 13...
  Found 24 products on page 13.
  Scraping page 14...
  Found 24 products on page 14.
  Scraping page 15...
  Found 24 products on page 15.
  Scraping page 16...
  Found 24 products on page 16.
  Scraping page 17...
  Found 24 products on page 17.
  Scraping page 18...
  Found 24 products on page 18.
  Scraping page 19...
  Found 24 products on page 19.
  Scraping page 20...
  Found 24 products on page 20.
  Scraping page 21...
  Found 24 products on page 21.
  Scraping page 22...
  Found 24 products on page 22.
  Scraping page 23...
  Found 24 products on page 23.
  Scraping page 24...
  Found 24 products on page 24.
  Scraping page 25...
  Found 24 products on page 25.
  Scraping page 26...
  Found 24 products on page 26.
  Scraping page 27...
  Found 24 products on page 27.
  Scraping page 28...
  Found 24 products on page 28.
  Scraping page 29...
  Found 24 products on page 29.
  Scraping page 30...
  Found 24 products on page 30.
  Scraping page 31...
  Found 24 products on page 31.
  Scraping page 32...
  Found 24 products on page 32.
  Scraping page 33...
  Found 24 products on page 33.
  Scraping page 34...
  Found 24 products on page 34.
  Scraping page 35...
  Found 24 products on page 35.
  Scraping page 36...
  Found 24 products on page 36.
  Scraping page 37...
  Found 24 products on page 37.
  Scraping page 38...
  Found 24 products on page 38.
  Scraping page 39...
  Found 24 products on page 39.
  Scraping page 40...
  Found 18 products on page 40.
Finished category Ըմպելիքներ. Total products: 954
[110/248] Scraping category: Կոկտեյլ, էներգետիկ ըմպելիք, թույլ ալկոհոլային խմիչք (https://www.sas.am/catalog/kokteyl_energeticheskiy_napitok/)
  Scraping page 1...
  Found 24 products on page 1.
  Could not click next page. Finishing category.
Finished category Կոկտեյլ, էներգետիկ ըմպելիք, թույլ ալկոհոլային խմիչք. Total products: 24
[111/248] Scraping category: Խմորեղեն (https://www.sas.am/catalog/pirozhnoe/)
  Scraping page 1...
  Found 24 products on page 1.
  Scraping page 2...
  Found 24 products on page 2.
  Scraping page 3...
  Found 18 products on page 3.
Finished category Խմորեղեն. Total products: 66
[112/248] Scraping category: Տորթ (https://www.sas.am/catalog/tort/)
  Scraping page 1...
  Found 24 products on page 1.
  Scraping page 2...
  Found 24 products on page 2.
  Scraping page 3...
  Found 24 products on page 3.
Finished category Տորթ. Total products: 72
[113/248] Scraping category: Դոնդող, պաստեղ, մարմելադ (https://www.sas.am/catalog/zhele_plastila/)
  Scraping page 1...
  Found 24 products on page 1.
  Scraping page 2...
  Found 24 products on page 2.
  Scraping page 3...
  Found 24 products on page 3.
  Scraping page 4...
  Found 24 products on page 4.
  Scraping page 5...
  Found 15 products on page 5.
Finished category Դոնդող, պաստեղ, մարմելադ. Total products: 111
[114/248] Scraping category: Տորթ, ռուլետ (https://www.sas.am/catalog/tort_rulet/)
  Scraping page 1...
  Found 22 products on page 1.
Finished category Տորթ, ռուլետ. Total products: 22
[115/248] Scraping category: Վաֆլի (https://www.sas.am/catalog/vafli_vafelnyy_tort/)
  Scraping page 1...
  Found 24 products on page 1.
  Scraping page 2...
  Found 24 products on page 2.
  Scraping page 3...
  Found 24 products on page 3.
  Scraping page 4...
  Found 24 products on page 4.
  Scraping page 5...
  Found 24 products on page 5.
  Scraping page 6...
  Found 24 products on page 6.
  Scraping page 7...
  Found 24 products on page 7.
  Scraping page 8...
  Found 24 products on page 8.
  Scraping page 9...
  Found 11 products on page 9.
Finished category Վաֆլի. Total products: 203
[116/248] Scraping category: Արևելյան քաղցրավենիք (https://www.sas.am/catalog/vostochnye_sladosti_sladosti/)
  Scraping page 1...
  Found 24 products on page 1.
  Scraping page 2...
  Found 24 products on page 2.
  Scraping page 3...
  Found 8 products on page 3.
Finished category Արևելյան քաղցրավենիք. Total products: 56
[117/248] Scraping category: Կեքս, կրուասան (https://www.sas.am/catalog/keksy_kruasany/)
  Scraping page 1...
  Found 13 products on page 1.
Finished category Կեքս, կրուասան. Total products: 13
[118/248] Scraping category: Աղանդեր, բիսկվիթ (https://www.sas.am/catalog/desert_biskvit/)
  Scraping page 1...
  Found 24 products on page 1.
  Scraping page 2...
  Found 24 products on page 2.
  Scraping page 3...
  Found 24 products on page 3.
Finished category Աղանդեր, բիսկվիթ. Total products: 72
[119/248] Scraping category: Թխվածքաբլիթ, քաղցրաբլիթ, օղաբլիթ (https://www.sas.am/catalog/pechene_pryaniki/)
  Scraping page 1...
  Found 24 products on page 1.
  Scraping page 2...
  Found 24 products on page 2.
  Scraping page 3...
  Found 24 products on page 3.
  Scraping page 4...
  Found 24 products on page 4.
  Scraping page 5...
  Found 24 products on page 5.
  Scraping page 6...
  Found 24 products on page 6.
  Scraping page 7...
  Found 24 products on page 7.
  Scraping page 8...
  Found 24 products on page 8.
  Scraping page 9...
  Found 24 products on page 9.
  Scraping page 10...
  Found 24 products on page 10.
  Scraping page 11...
  Found 24 products on page 11.
  Scraping page 12...
  Found 24 products on page 12.
  Scraping page 13...
  Found 24 products on page 13.
  Scraping page 14...
  Found 24 products on page 14.
  Scraping page 15...
  Found 24 products on page 15.
  Scraping page 16...
  Found 24 products on page 16.
  Scraping page 17...
  Found 9 products on page 17.
Finished category Թխվածքաբլիթ, քաղցրաբլիթ, օղաբլիթ. Total products: 393
[120/248] Scraping category: Կրեկեր, ձողիկ (https://www.sas.am/catalog/krekery_solenye_palochki/)
  Scraping page 1...
  Found 24 products on page 1.
  Scraping page 2...
  Found 24 products on page 2.
  Scraping page 3...
  Found 24 products on page 3.
  Scraping page 4...
  Found 10 products on page 4.
Finished category Կրեկեր, ձողիկ. Total products: 82
[121/248] Scraping category: Կոնֆետ (https://www.sas.am/catalog/candiess/)
  Scraping page 1...
  Found 24 products on page 1.
  Scraping page 2...
  Found 24 products on page 2.
  Scraping page 3...
  Found 24 products on page 3.
  Scraping page 4...
  Found 24 products on page 4.
  Scraping page 5...
  Found 24 products on page 5.
  Scraping page 6...
  Found 24 products on page 6.
  Scraping page 7...
  Found 24 products on page 7.
  Scraping page 8...
  Found 24 products on page 8.
  Scraping page 9...
  Found 24 products on page 9.
  Scraping page 10...
  Found 24 products on page 10.
  Scraping page 11...
  Found 24 products on page 11.
  Scraping page 12...
  Found 24 products on page 12.
  Scraping page 13...
  Found 24 products on page 13.
  Scraping page 14...
  Found 24 products on page 14.
  Scraping page 15...
  Found 24 products on page 15.
  Scraping page 16...
  Found 24 products on page 16.
  Scraping page 17...
  Found 24 products on page 17.
  Scraping page 18...
  Found 24 products on page 18.
  Scraping page 19...
  Found 24 products on page 19.
  Scraping page 20...
  Found 24 products on page 20.
  Scraping page 21...
  Found 24 products on page 21.
  Scraping page 22...
  Found 24 products on page 22.
  Scraping page 23...
  Found 24 products on page 23.
  Scraping page 24...
  Found 24 products on page 24.
  Scraping page 25...
  Found 24 products on page 25.
  Scraping page 26...
  Found 24 products on page 26.
  Scraping page 27...
  Found 24 products on page 27.
  Scraping page 28...
  Found 24 products on page 28.
  Scraping page 29...
  Found 24 products on page 29.
  Scraping page 30...
  Found 24 products on page 30.
  Scraping page 31...
  Found 24 products on page 31.
  Scraping page 32...
  Found 24 products on page 32.
  Scraping page 33...
  Found 24 products on page 33.
  Scraping page 34...
  Found 24 products on page 34.
  Scraping page 35...
  Found 22 products on page 35.
Finished category Կոնֆետ. Total products: 838
[122/248] Scraping category: Սալիկ, բատոն և կրեմ (https://www.sas.am/catalog/shokoladnye_konfety_krem/)
  Scraping page 1...
  Found 24 products on page 1.
  Scraping page 2...
  Found 24 products on page 2.
  Scraping page 3...
  Found 24 products on page 3.
  Scraping page 4...
  Found 24 products on page 4.
  Scraping page 5...
  Found 24 products on page 5.
  Scraping page 6...
  Found 24 products on page 6.
  Scraping page 7...
  Found 24 products on page 7.
  Scraping page 8...
  Found 24 products on page 8.
  Scraping page 9...
  Found 24 products on page 9.
  Scraping page 10...
  Found 24 products on page 10.
  Scraping page 11...
  Found 24 products on page 11.
  Scraping page 12...
  Found 24 products on page 12.
  Scraping page 13...
  Found 24 products on page 13.
  Scraping page 14...
  Found 24 products on page 14.
  Scraping page 15...
  Found 24 products on page 15.
  Scraping page 16...
  Found 24 products on page 16.
  Scraping page 17...
  Found 24 products on page 17.
  Scraping page 18...
  Found 24 products on page 18.
  Scraping page 19...
  Found 24 products on page 19.
  Scraping page 20...
  Found 24 products on page 20.
  Scraping page 21...
  Found 24 products on page 21.
  Scraping page 22...
  Found 22 products on page 22.
Finished category Սալիկ, բատոն և կրեմ. Total products: 526
[123/248] Scraping category: Դրաժե, սառնաշաքար (https://www.sas.am/catalog/drajee/)
  Scraping page 1...
  Found 24 products on page 1.
  Scraping page 2...
  Found 24 products on page 2.
  Scraping page 3...
  Found 24 products on page 3.
  Scraping page 4...
  Found 24 products on page 4.
  Scraping page 5...
  Found 24 products on page 5.
  Scraping page 6...
  Found 24 products on page 6.
  Scraping page 7...
  Found 5 products on page 7.
Finished category Դրաժե, սառնաշաքար. Total products: 149
[124/248] Scraping category: Մաստակ (https://www.sas.am/catalog/zhevatelnaya_rezinka/)
  Scraping page 1...
  Found 24 products on page 1.
  Scraping page 2...
  Found 24 products on page 2.
  Scraping page 3...
  Found 24 products on page 3.
  Scraping page 4...
  Found 24 products on page 4.
  Scraping page 5...
  Found 24 products on page 5.
  Scraping page 6...
  Found 24 products on page 6.
  Scraping page 7...
  Found 1 products on page 7.
Finished category Մաստակ. Total products: 145
[125/248] Scraping category: Մաստակ-կոնֆետ (https://www.sas.am/catalog/chewingcandy/)
  Scraping page 1...
  Found 24 products on page 1.
  Scraping page 2...
  Found 1 products on page 2.
Finished category Մաստակ-կոնֆետ. Total products: 25
[126/248] Scraping category: Չիր, չամիչ (https://www.sas.am/catalog/driedfruitsraisin/)
  Scraping page 1...
  Found 24 products on page 1.
  Scraping page 2...
  Found 24 products on page 2.
  Scraping page 3...
  Found 24 products on page 3.
  Scraping page 4...
  Found 24 products on page 4.
Finished category Չիր, չամիչ. Total products: 96
[127/248] Scraping category: Չարազ, քաղցր սուջուխ, թթու լավաշ (https://www.sas.am/catalog/kislyy_lavash/)
  Scraping page 1...
  Found 24 products on page 1.
  Scraping page 2...
  Found 24 products on page 2.
  Scraping page 3...
  Found 24 products on page 3.
  Scraping page 4...
  Found 24 products on page 4.
  Scraping page 5...
  Found 24 products on page 5.
  Scraping page 6...
  Found 24 products on page 6.
  Scraping page 7...
  Found 24 products on page 7.
  Scraping page 8...
  Found 4 products on page 8.
Finished category Չարազ, քաղցր սուջուխ, թթու լավաշ. Total products: 172
[128/248] Scraping category: Չիպս (https://www.sas.am/catalog/chipsy/)
  Scraping page 1...
  Found 24 products on page 1.
  Scraping page 2...
  Found 24 products on page 2.
  Scraping page 3...
  Found 24 products on page 3.
  Scraping page 4...
  Found 24 products on page 4.
  Scraping page 5...
  Found 24 products on page 5.
  Scraping page 6...
  Found 24 products on page 6.
  Scraping page 7...
  Found 24 products on page 7.
  Scraping page 8...
  Found 24 products on page 8.
  Scraping page 9...
  Found 11 products on page 9.
Finished category Չիպս. Total products: 203
[129/248] Scraping category: Արևածաղկի սերմ (https://www.sas.am/catalog/semechki/)
  Scraping page 1...
  Found 24 products on page 1.
  Scraping page 2...
  Found 16 products on page 2.
Finished category Արևածաղկի սերմ. Total products: 40
[130/248] Scraping category: Եգիպտացորենային արտադրանք, քաղցր բամբակ (https://www.sas.am/catalog/popkorn2/)
  Scraping page 1...
  Found 24 products on page 1.
  Scraping page 2...
  Found 24 products on page 2.
  Scraping page 3...
  Found 17 products on page 3.
Finished category Եգիպտացորենային արտադրանք, քաղցր բամբակ. Total products: 65
[131/248] Scraping category: Աղանձ, կանեփ (https://www.sas.am/catalog/drugie_chipsy/)
  Scraping page 1...
  Found 3 products on page 1.
Finished category Աղանձ, կանեփ. Total products: 3
[132/248] Scraping category: Կաթնային խառնուրդ (https://www.sas.am/catalog/smes_molochnaya/)
  Scraping page 1...
  Found 5 products on page 1.
Finished category Կաթնային խառնուրդ. Total products: 5
[133/248] Scraping category: Շիլա, պուդինգ (https://www.sas.am/catalog/kasha_detskoe_pitanie/)
  Scraping page 1...
  Found 16 products on page 1.
Finished category Շիլա, պուդինգ. Total products: 16
[134/248] Scraping category: Թխվածքաբլիթ, խյուս (https://www.sas.am/catalog/pechene_pyure/)
  Scraping page 1...
  Found 24 products on page 1.
  Scraping page 2...
  Found 24 products on page 2.
  Scraping page 3...
  Found 21 products on page 3.
Finished category Թխվածքաբլիթ, խյուս. Total products: 69
[135/248] Scraping category: Հյութ, թեյ (https://www.sas.am/catalog/sok_chay/)
  Scraping page 1...
  Found 14 products on page 1.
Finished category Հյութ, թեյ. Total products: 14
[136/248] Scraping category: Արագ պատրաստվող մթերք (https://www.sas.am/catalog/produkty_bystrogo_prigotovleniya/)
  Scraping page 1...
  Found 24 products on page 1.
  Scraping page 2...
  Found 24 products on page 2.
  Scraping page 3...
  Found 24 products on page 3.
  Scraping page 4...
  Found 3 products on page 4.
Finished category Արագ պատրաստվող մթերք. Total products: 75
[137/248] Scraping category: Պատրաստի նախաճաշ, փաթիլ (https://www.sas.am/catalog/gototovye_zavtraki_khlopya_myusli/)
  Scraping page 1...
  Found 24 products on page 1.
  Scraping page 2...
  Found 24 products on page 2.
  Scraping page 3...
  Found 24 products on page 3.
  Scraping page 4...
  Found 24 products on page 4.
  Scraping page 5...
  Found 24 products on page 5.
  Scraping page 6...
  Found 24 products on page 6.
  Scraping page 7...
  Found 24 products on page 7.
  Scraping page 8...
  Found 18 products on page 8.
Finished category Պատրաստի նախաճաշ, փաթիլ. Total products: 186
[138/248] Scraping category: Շաքար, շաքարի փոխարինիչ (https://www.sas.am/catalog/sakhar_zamenitel_sakhara/)
  Scraping page 1...
  Found 5 products on page 1.
Finished category Շաքար, շաքարի փոխարինիչ. Total products: 5
[139/248] Scraping category: Նպարեղեն (https://www.sas.am/catalog/bakaleya_diabet/)
  Scraping page 1...
  Found 4 products on page 1.
Finished category Նպարեղեն. Total products: 4
[140/248] Scraping category: Ըմպելիք (https://www.sas.am/catalog/napitki/)
  Scraping page 1...
  Found 9 products on page 1.
Finished category Ըմպելիք. Total products: 9
[141/248] Scraping category: Քաղցրավենիք, աղանդեր (https://www.sas.am/catalog/sladosti_i_deserty/)
  Scraping page 1...
  Found 24 products on page 1.
  Scraping page 2...
  Found 24 products on page 2.
  Scraping page 3...
  Found 5 products on page 3.
Finished category Քաղցրավենիք, աղանդեր. Total products: 53
[142/248] Scraping category: Քաղցրավենիք (https://www.sas.am/catalog/sladostiorganic/)
  Scraping page 1...
  Found 4 products on page 1.
Finished category Քաղցրավենիք. Total products: 4
[143/248] Scraping category: Հյութ և ըմպելիք (https://www.sas.am/catalog/sokinapitki/)
  Scraping page 1...
  Found 16 products on page 1.
Finished category Հյութ և ըմպելիք. Total products: 16
[144/248] Scraping category: Նպարեղեն, ձու (https://www.sas.am/catalog/bakaleyaorganic/)
  Scraping page 1...
  Found 13 products on page 1.
Finished category Նպարեղեն, ձու. Total products: 13
[145/248] Scraping category: Շան կեր (https://www.sas.am/catalog/korm_dlya_sobak/)
  Scraping page 1...
  Found 12 products on page 1.
Finished category Շան կեր. Total products: 12
[146/248] Scraping category: Կատվի կեր, հիգիենիկ լցանյութ (https://www.sas.am/catalog/korm_dlya_koshek/)
  Scraping page 1...
  Found 22 products on page 1.
Finished category Կատվի կեր, հիգիենիկ լցանյութ. Total products: 22
[147/248] Scraping category: Սպասք լվացող մեքենայի միջոց (https://www.sas.am/catalog/dishwasherdetergent/)
  Scraping page 1...
  Found 24 products on page 1.
  Scraping page 2...
  Found 15 products on page 2.
Finished category Սպասք լվացող մեքենայի միջոց. Total products: 39
[148/248] Scraping category: Սպասք լվանալու միջոց (https://www.sas.am/catalog/sredstva_dlya_posudy/)
  Scraping page 1...
  Found 24 products on page 1.
  Scraping page 2...
  Found 24 products on page 2.
  Scraping page 3...
  Found 24 products on page 3.
  Scraping page 4...
  Found 24 products on page 4.
  Scraping page 5...
  Found 24 products on page 5.
Finished category Սպասք լվանալու միջոց. Total products: 120
[149/248] Scraping category: Տոնածառի խաղալիքներ (https://www.sas.am/catalog/elochnye_igrushki/)
  Scraping page 1...
  Found 24 products on page 1.
  Scraping page 2...
  Found 24 products on page 2.
  Scraping page 3...
  Found 24 products on page 3.
  Scraping page 4...
  Found 24 products on page 4.
  Scraping page 5...
  Found 24 products on page 5.
  Scraping page 6...
  Found 24 products on page 6.
  Scraping page 7...
  Found 24 products on page 7.
  Scraping page 8...
  Found 24 products on page 8.
  Scraping page 9...
  Found 24 products on page 9.
  Scraping page 10...
  Found 24 products on page 10.
  Scraping page 11...
  Found 24 products on page 11.
  Scraping page 12...
  Found 24 products on page 12.
  Scraping page 13...
  Found 24 products on page 13.
  Scraping page 14...
  Found 24 products on page 14.
  Scraping page 15...
  Found 24 products on page 15.
  Scraping page 16...
  Found 24 products on page 16.
  Scraping page 17...
  Found 24 products on page 17.
  Scraping page 18...
  Found 24 products on page 18.
  Scraping page 19...
  Found 24 products on page 19.
  Scraping page 20...
  Found 24 products on page 20.
  Scraping page 21...
  Found 24 products on page 21.
  Scraping page 22...
  Found 24 products on page 22.
  Scraping page 23...
  Found 24 products on page 23.
  Scraping page 24...
  Found 24 products on page 24.
  Scraping page 25...
  Found 24 products on page 25.
  Scraping page 26...
  Found 24 products on page 26.
  Scraping page 27...
  Found 24 products on page 27.
  Scraping page 28...
  Found 24 products on page 28.
  Scraping page 29...
  Found 24 products on page 29.
  Scraping page 30...
  Found 24 products on page 30.
  Scraping page 31...
  Found 24 products on page 31.
  Scraping page 32...
  Found 24 products on page 32.
  Scraping page 33...
  Found 24 products on page 33.
  Scraping page 34...
  Found 24 products on page 34.
  Scraping page 35...
  Found 24 products on page 35.
  Scraping page 36...
  Found 24 products on page 36.
  Scraping page 37...
  Found 24 products on page 37.
  Scraping page 38...
  Found 24 products on page 38.
  Scraping page 39...
  Found 24 products on page 39.
  Scraping page 40...
  Found 24 products on page 40.
  Scraping page 41...
  Found 3 products on page 41.
Finished category Տոնածառի խաղալիքներ. Total products: 963
[150/248] Scraping category: Ամանորյա դեկորացիա (https://www.sas.am/catalog/novogodnie_dekoratsii/)
  Scraping page 1...
  Found 24 products on page 1.
  Scraping page 2...
  Found 24 products on page 2.
  Scraping page 3...
  Found 24 products on page 3.
  Scraping page 4...
  Found 24 products on page 4.
  Scraping page 5...
  Found 24 products on page 5.
  Scraping page 6...
  Found 24 products on page 6.
  Scraping page 7...
  Found 24 products on page 7.
  Scraping page 8...
  Found 24 products on page 8.
  Scraping page 9...
  Found 24 products on page 9.
  Scraping page 10...
  Found 24 products on page 10.
  Scraping page 11...
  Found 24 products on page 11.
  Scraping page 12...
  Found 24 products on page 12.
  Scraping page 13...
  Found 24 products on page 13.
  Scraping page 14...
  Found 24 products on page 14.
  Scraping page 15...
  Found 24 products on page 15.
  Scraping page 16...
  Found 24 products on page 16.
  Scraping page 17...
  Found 24 products on page 17.
  Scraping page 18...
  Found 24 products on page 18.
  Scraping page 19...
  Found 24 products on page 19.
  Scraping page 20...
  Found 24 products on page 20.
  Scraping page 21...
  Found 24 products on page 21.
  Scraping page 22...
  Found 24 products on page 22.
  Scraping page 23...
  Found 24 products on page 23.
  Scraping page 24...
  Found 24 products on page 24.
  Scraping page 25...
  Found 24 products on page 25.
  Scraping page 26...
  Found 24 products on page 26.
  Scraping page 27...
  Found 24 products on page 27.
  Scraping page 28...
  Found 24 products on page 28.
  Scraping page 29...
  Found 24 products on page 29.
  Scraping page 30...
  Found 24 products on page 30.
  Scraping page 31...
  Found 24 products on page 31.
  Scraping page 32...
  Found 24 products on page 32.
  Scraping page 33...
  Found 24 products on page 33.
  Scraping page 34...
  Found 21 products on page 34.
Finished category Ամանորյա դեկորացիա. Total products: 813
[151/248] Scraping category: Տոնածառ (https://www.sas.am/catalog/novogodnyaya_elka/)
  Scraping page 1...
  Found 24 products on page 1.
  Scraping page 2...
  Found 24 products on page 2.
  Scraping page 3...
  Found 13 products on page 3.
Finished category Տոնածառ. Total products: 61
[152/248] Scraping category: Ամանորյա կոմպոզիցիաներ (https://www.sas.am/catalog/christmascomp/)
  Scraping page 1...
  Found 24 products on page 1.
  Scraping page 2...
  Found 24 products on page 2.
  Scraping page 3...
  Found 24 products on page 3.
  Scraping page 4...
  Found 24 products on page 4.
  Scraping page 5...
  Found 24 products on page 5.
  Scraping page 6...
  Found 1 products on page 6.
Finished category Ամանորյա կոմպոզիցիաներ. Total products: 121
[153/248] Scraping category: Ամանորյա հանդերձանք (https://www.sas.am/catalog/novogodniy_naryad/)
  Scraping page 1...
  Found 24 products on page 1.
  Scraping page 2...
  Found 24 products on page 2.
  Scraping page 3...
  Found 2 products on page 3.
Finished category Ամանորյա հանդերձանք. Total products: 50
[154/248] Scraping category: Սեղանի ձևավորման պարագաներ (https://www.sas.am/catalog/prinadlezhnosti_dlya_dekoratsii_stola/)
  Scraping page 1...
  Found 24 products on page 1.
  Scraping page 2...
  Found 24 products on page 2.
  Scraping page 3...
  Found 24 products on page 3.
  Scraping page 4...
  Found 24 products on page 4.
  Scraping page 5...
  Found 24 products on page 5.
  Scraping page 6...
  Found 24 products on page 6.
  Scraping page 7...
  Found 24 products on page 7.
  Scraping page 8...
  Found 13 products on page 8.
Finished category Սեղանի ձևավորման պարագաներ. Total products: 181
[155/248] Scraping category: Նվերներ, նվերի աքսեսուարներ (https://www.sas.am/catalog/podarochnye_aksessuary/)
  Scraping page 1...
  Found 24 products on page 1.
  Scraping page 2...
  Found 24 products on page 2.
  Scraping page 3...
  Found 24 products on page 3.
  Scraping page 4...
  Found 3 products on page 4.
Finished category Նվերներ, նվերի աքսեսուարներ. Total products: 75
[156/248] Scraping category: Լվացքի փոշի, գել, հաբ (https://www.sas.am/catalog/stiralnyy_poroshok/)
  Scraping page 1...
  Found 24 products on page 1.
  Scraping page 2...
  Found 24 products on page 2.
  Scraping page 3...
  Found 24 products on page 3.
  Scraping page 4...
  Found 24 products on page 4.
  Scraping page 5...
  Found 24 products on page 5.
  Scraping page 6...
  Found 24 products on page 6.
  Scraping page 7...
  Found 14 products on page 7.
Finished category Լվացքի փոշի, գել, հաբ. Total products: 158
[157/248] Scraping category: Փափկեցնող, սպիտակեցնող, լաքահանող միջոց, հակաստատիկ (https://www.sas.am/catalog/opolaskivatel_konditsioner_kontsentrat/)
  Scraping page 1...
  Found 24 products on page 1.
  Scraping page 2...
  Found 24 products on page 2.
  Scraping page 3...
  Found 24 products on page 3.
  Scraping page 4...
  Found 24 products on page 4.
  Scraping page 5...
  Found 24 products on page 5.
  Scraping page 6...
  Found 8 products on page 6.
Finished category Փափկեցնող, սպիտակեցնող, լաքահանող միջոց, հակաստատիկ. Total products: 128
[158/248] Scraping category: Լվացքի ամրակ և պարան (https://www.sas.am/catalog/clothespinandrope/)
  Scraping page 1...
  Found 7 products on page 1.
Finished category Լվացքի ամրակ և պարան. Total products: 7
[159/248] Scraping category: Սանհանգույցի համար (https://www.sas.am/catalog/forhebathroom/)
  Scraping page 1...
  Found 24 products on page 1.
  Scraping page 2...
  Found 24 products on page 2.
  Scraping page 3...
  Found 24 products on page 3.
  Scraping page 4...
  Found 19 products on page 4.
Finished category Սանհանգույցի համար. Total products: 91
[160/248] Scraping category: Խոհանոցի համար (https://www.sas.am/catalog/forthekitchen/)
  Scraping page 1...
  Found 24 products on page 1.
  Scraping page 2...
  Found 18 products on page 2.
Finished category Խոհանոցի համար. Total products: 42
[161/248] Scraping category: Կահույքի, ապակու, հատակի համար (https://www.sas.am/catalog/chistyashchie_sredstva/)
  Scraping page 1...
  Found 24 products on page 1.
  Scraping page 2...
  Found 18 products on page 2.
Finished category Կահույքի, ապակու, հատակի համար. Total products: 42
[162/248] Scraping category: Բուրավետիչ (https://www.sas.am/catalog/osvezhiteli/)
  Scraping page 1...
  Found 24 products on page 1.
  Scraping page 2...
  Found 24 products on page 2.
  Scraping page 3...
  Found 24 products on page 3.
  Scraping page 4...
  Found 24 products on page 4.
  Scraping page 5...
  Found 24 products on page 5.
  Scraping page 6...
  Found 8 products on page 6.
Finished category Բուրավետիչ. Total products: 128
[163/248] Scraping category: Ռետինե ձեռնոց, կտոր (https://www.sas.am/catalog/rezinovye_izdeliya/)
  Scraping page 1...
  Found 24 products on page 1.
  Scraping page 2...
  Found 24 products on page 2.
  Scraping page 3...
  Found 19 products on page 3.
Finished category Ռետինե ձեռնոց, կտոր. Total products: 67
[164/248] Scraping category: Մաքրման պարագա (https://www.sas.am/catalog/cleaningagent/)
  Scraping page 1...
  Found 24 products on page 1.
  Scraping page 2...
  Found 6 products on page 2.
Finished category Մաքրման պարագա. Total products: 30
[165/248] Scraping category: Աղբի տոպրակ, աղբաման (https://www.sas.am/catalog/pakety_dlya_musora/)
  Scraping page 1...
  Found 24 products on page 1.
  Scraping page 2...
  Found 24 products on page 2.
  Scraping page 3...
  Found 5 products on page 3.
Finished category Աղբի տոպրակ, աղբաման. Total products: 53
[166/248] Scraping category: Սննդի թաղանթ, փայլաթիթեղ, թխման թուղթ (https://www.sas.am/catalog/plenka_pishchevaya_folga/)
  Scraping page 1...
  Found 24 products on page 1.
  Scraping page 2...
  Found 24 products on page 2.
  Scraping page 3...
  Found 6 products on page 3.
Finished category Սննդի թաղանթ, փայլաթիթեղ, թխման թուղթ. Total products: 54
[167/248] Scraping category: Շամպուն (https://www.sas.am/catalog/dlya_volos2/)
  Scraping page 1...
  Found 24 products on page 1.
  Scraping page 2...
  Found 24 products on page 2.
  Scraping page 3...
  Found 24 products on page 3.
  Scraping page 4...
  Found 24 products on page 4.
  Scraping page 5...
  Found 24 products on page 5.
  Scraping page 6...
  Found 24 products on page 6.
  Scraping page 7...
  Found 24 products on page 7.
  Scraping page 8...
  Found 24 products on page 8.
  Scraping page 9...
  Found 24 products on page 9.
  Scraping page 10...
  Found 24 products on page 10.
  Scraping page 11...
  Found 24 products on page 11.
  Scraping page 12...
  Found 24 products on page 12.
  Scraping page 13...
  Found 24 products on page 13.
  Scraping page 14...
  Found 24 products on page 14.
  Scraping page 15...
  Found 9 products on page 15.
Finished category Շամպուն. Total products: 345
[168/248] Scraping category: Բալզամ, կոնդիցիոներ (https://www.sas.am/catalog/balzam_dlya_volos/)
  Scraping page 1...
  Found 24 products on page 1.
  Scraping page 2...
  Found 24 products on page 2.
  Scraping page 3...
  Found 20 products on page 3.
Finished category Բալզամ, կոնդիցիոներ. Total products: 68
[169/248] Scraping category: Ինտիմ հիգիենա (https://www.sas.am/catalog/dlya_intimnoy_gigieny2/)
  Scraping page 1...
  Found 24 products on page 1.
  Scraping page 2...
  Found 24 products on page 2.
  Scraping page 3...
  Found 24 products on page 3.
  Scraping page 4...
  Found 24 products on page 4.
  Scraping page 5...
  Found 24 products on page 5.
  Scraping page 6...
  Found 5 products on page 6.
Finished category Ինտիմ հիգիենա. Total products: 125
[170/248] Scraping category: Չոր օճառ (https://www.sas.am/catalog/mylo_ustarelo/)
  Scraping page 1...
  Found 24 products on page 1.
  Scraping page 2...
  Found 24 products on page 2.
  Scraping page 3...
  Found 21 products on page 3.
Finished category Չոր օճառ. Total products: 69
[171/248] Scraping category: Հեղուկ օճառ (https://www.sas.am/catalog/liqsoup/)
  Scraping page 1...
  Found 24 products on page 1.
  Scraping page 2...
  Found 24 products on page 2.
  Scraping page 3...
  Found 24 products on page 3.
  Scraping page 4...
  Found 2 products on page 4.
Finished category Հեղուկ օճառ. Total products: 74
[172/248] Scraping category: Լոգանքի գել, սպունգ (https://www.sas.am/catalog/showergell/)
  Scraping page 1...
  Found 24 products on page 1.
  Scraping page 2...
  Found 24 products on page 2.
  Scraping page 3...
  Found 24 products on page 3.
  Scraping page 4...
  Found 24 products on page 4.
  Scraping page 5...
  Found 24 products on page 5.
  Scraping page 6...
  Found 24 products on page 6.
  Scraping page 7...
  Found 24 products on page 7.
  Scraping page 8...
  Found 24 products on page 8.
  Scraping page 9...
  Found 24 products on page 9.
  Scraping page 10...
  Found 24 products on page 10.
  Scraping page 11...
  Found 24 products on page 11.
  Scraping page 12...
  Found 24 products on page 12.
  Scraping page 13...
  Found 24 products on page 13.
  Scraping page 14...
  Found 24 products on page 14.
  Scraping page 15...
  Found 24 products on page 15.
  Scraping page 16...
  Found 24 products on page 16.
  Scraping page 17...
  Found 24 products on page 17.
  Scraping page 18...
  Found 13 products on page 18.
Finished category Լոգանքի գել, սպունգ. Total products: 421
[173/248] Scraping category: Բամբակյա արտադրանք (https://www.sas.am/catalog/vatnye_izdeliya2/)
  Scraping page 1...
  Found 24 products on page 1.
  Scraping page 2...
  Found 24 products on page 2.
  Scraping page 3...
  Found 21 products on page 3.
Finished category Բամբակյա արտադրանք. Total products: 69
[174/248] Scraping category: Մազի դիմակ, խնամքի միջոց (https://www.sas.am/catalog/maska_konditsioner_dlya_volos/)
  Scraping page 1...
  Found 24 products on page 1.
  Scraping page 2...
  Found 24 products on page 2.
  Scraping page 3...
  Found 24 products on page 3.
  Scraping page 4...
  Found 24 products on page 4.
  Scraping page 5...
  Found 24 products on page 5.
Finished category Մազի դիմակ, խնամքի միջոց. Total products: 120
[175/248] Scraping category: Մազի ներկ (https://www.sas.am/catalog/kraski_dlya_volos_ustarelo/)
  Scraping page 1...
  Found 24 products on page 1.
  Scraping page 2...
  Found 24 products on page 2.
  Scraping page 3...
  Found 24 products on page 3.
  Scraping page 4...
  Found 24 products on page 4.
  Scraping page 5...
  Found 20 products on page 5.
Finished category Մազի ներկ. Total products: 116
[176/248] Scraping category: Մազի պարագա (https://www.sas.am/catalog/predmety_dlya_volos/)
  Scraping page 1...
  Found 24 products on page 1.
  Scraping page 2...
  Found 24 products on page 2.
  Scraping page 3...
  Found 24 products on page 3.
  Scraping page 4...
  Found 24 products on page 4.
  Scraping page 5...
  Found 17 products on page 5.
Finished category Մազի պարագա. Total products: 113
[177/248] Scraping category: Աչքի կոսմետիկա (https://www.sas.am/catalog/vse_dlya_glaz/)
  Scraping page 1...
  Found 13 products on page 1.
Finished category Աչքի կոսմետիկա. Total products: 13
[178/248] Scraping category: Դեմքի խնամք (https://www.sas.am/catalog/vse_dlya_litsa/)
  Scraping page 1...
  Found 24 products on page 1.
  Scraping page 2...
  Found 24 products on page 2.
  Scraping page 3...
  Found 24 products on page 3.
  Scraping page 4...
  Found 24 products on page 4.
  Scraping page 5...
  Found 24 products on page 5.
  Scraping page 6...
  Found 24 products on page 6.
  Scraping page 7...
  Found 3 products on page 7.
Finished category Դեմքի խնամք. Total products: 147
[179/248] Scraping category: Շրթներկ (https://www.sas.am/catalog/vse_dlya_gub/)
  Scraping page 1...
  Found 24 products on page 1.
  Scraping page 2...
  Found 17 products on page 2.
Finished category Շրթներկ. Total products: 41
[180/248] Scraping category: Ձեռքի խնամք (https://www.sas.am/catalog/vse_dlya_ukhoda_za_rukami_ustarelo/)
  Scraping page 1...
  Found 24 products on page 1.
  Scraping page 2...
  Found 24 products on page 2.
  Scraping page 3...
  Found 24 products on page 3.
  Scraping page 4...
  Found 24 products on page 4.
  Scraping page 5...
  Found 1 products on page 5.
Finished category Ձեռքի խնամք. Total products: 97
[181/248] Scraping category: Դեմքի կոսմետիկա (https://www.sas.am/catalog/vse_dlya_kozhi/)
  Scraping page 1...
  Found 24 products on page 1.
  Scraping page 2...
  Found 1 products on page 2.
Finished category Դեմքի կոսմետիկա. Total products: 25
[182/248] Scraping category: Ոտքի խնամք (https://www.sas.am/catalog/vse_dlya_ukhoda_za_nogami_ustarelo/)
  Scraping page 1...
  Found 9 products on page 1.
Finished category Ոտքի խնամք. Total products: 9
[183/248] Scraping category: Մարմնի խնամք (https://www.sas.am/catalog/vse_dlya_ukhoda_za_telom_ustarelo/)
  Scraping page 1...
  Found 24 products on page 1.
  Scraping page 2...
  Found 24 products on page 2.
  Scraping page 3...
  Found 24 products on page 3.
  Scraping page 4...
  Found 24 products on page 4.
  Scraping page 5...
  Found 24 products on page 5.
  Scraping page 6...
  Found 24 products on page 6.
  Scraping page 7...
  Found 24 products on page 7.
  Scraping page 8...
  Found 17 products on page 8.
Finished category Մարմնի խնամք. Total products: 185
[184/248] Scraping category: Ձեռքի, ոտքի խնամքի պարագա (https://www.sas.am/catalog/predmety_dlya_ruk_nog/)
  Scraping page 1...
  Found 24 products on page 1.
  Scraping page 2...
  Found 1 products on page 2.
Finished category Ձեռքի, ոտքի խնամքի պարագա. Total products: 25
[185/248] Scraping category: Ատամի մածուկ (https://www.sas.am/catalog/dlya_polosti_rta/)
  Scraping page 1...
  Found 24 products on page 1.
  Scraping page 2...
  Found 24 products on page 2.
  Scraping page 3...
  Found 24 products on page 3.
  Scraping page 4...
  Found 24 products on page 4.
  Scraping page 5...
  Found 24 products on page 5.
  Scraping page 6...
  Found 24 products on page 6.
  Scraping page 7...
  Found 15 products on page 7.
Finished category Ատամի մածուկ. Total products: 159
[186/248] Scraping category: Ողողման հեղուկ (https://www.sas.am/catalog/opalaskivatel_rta/)
  Scraping page 1...
  Found 24 products on page 1.
  Scraping page 2...
  Found 24 products on page 2.
  Scraping page 3...
  Found 3 products on page 3.
Finished category Ողողման հեղուկ. Total products: 51
[187/248] Scraping category: Ատամի խոզանակ (https://www.sas.am/catalog/shchetka_zubnaya/)
  Scraping page 1...
  Found 24 products on page 1.
  Scraping page 2...
  Found 24 products on page 2.
  Scraping page 3...
  Found 24 products on page 3.
  Scraping page 4...
  Found 22 products on page 4.
Finished category Ատամի խոզանակ. Total products: 94
[188/248] Scraping category: Ատամի չոփ, ատամի թել, շնչառությունը թարմացնող շերտեր (https://www.sas.am/catalog/zubachistka_nit_dlya_zubov/)
  Scraping page 1...
  Found 24 products on page 1.
  Scraping page 2...
  Found 6 products on page 2.
Finished category Ատամի չոփ, ատամի թել, շնչառությունը թարմացնող շերտեր. Total products: 30
[189/248] Scraping category: Սափրող սարք (https://www.sas.am/catalog/stanok_dlya_britya/)
  Scraping page 1...
  Found 24 products on page 1.
  Scraping page 2...
  Found 24 products on page 2.
  Scraping page 3...
  Found 21 products on page 3.
Finished category Սափրող սարք. Total products: 69
[190/248] Scraping category: Սափրող սարքի գլխիկ (https://www.sas.am/catalog/kasseta_dlya_britya/)
  Scraping page 1...
  Found 24 products on page 1.
Finished category Սափրող սարքի գլխիկ. Total products: 24
[191/248] Scraping category: Փրփուր, գել սափրվելու համար (https://www.sas.am/catalog/pena_gel_dlya_britya/)
  Scraping page 1...
  Found 24 products on page 1.
  Scraping page 2...
  Found 9 products on page 2.
Finished category Փրփուր, գել սափրվելու համար. Total products: 33
[192/248] Scraping category: Բալզամ, լոսյոն սափրվելուց հետո (https://www.sas.am/catalog/balzam_loson_posle_britya/)
  Scraping page 1...
  Found 10 products on page 1.
Finished category Բալզամ, լոսյոն սափրվելուց հետո. Total products: 10
[193/248] Scraping category: Դեպիլյացիայի կրեմ (https://www.sas.am/catalog/krem_dlya_depilyatsii/)
  Scraping page 1...
  Found 4 products on page 1.
Finished category Դեպիլյացիայի կրեմ. Total products: 4
[194/248] Scraping category: Հակաքրտինքային միջոց (https://www.sas.am/catalog/antiperspirantt/)
  Scraping page 1...
  Found 24 products on page 1.
  Scraping page 2...
  Found 24 products on page 2.
  Scraping page 3...
  Found 24 products on page 3.
  Scraping page 4...
  Found 24 products on page 4.
  Scraping page 5...
  Found 24 products on page 5.
  Scraping page 6...
  Found 24 products on page 6.
  Scraping page 7...
  Found 17 products on page 7.
Finished category Հակաքրտինքային միջոց. Total products: 161
[195/248] Scraping category: Հոտազերծիչ (https://www.sas.am/catalog/deodorantbodyspray/)
  Scraping page 1...
  Found 24 products on page 1.
  Scraping page 2...
  Found 24 products on page 2.
  Scraping page 3...
  Found 24 products on page 3.
  Scraping page 4...
  Found 24 products on page 4.
  Scraping page 5...
  Found 24 products on page 5.
  Scraping page 6...
  Found 1 products on page 6.
Finished category Հոտազերծիչ. Total products: 121
[196/248] Scraping category: Տակդիր, խոնավ անձեռոցիկ (https://www.sas.am/catalog/podguzniki/)
  Scraping page 1...
  Found 24 products on page 1.
  Scraping page 2...
  Found 24 products on page 2.
  Scraping page 3...
  Found 24 products on page 3.
  Scraping page 4...
  Found 5 products on page 4.
Finished category Տակդիր, խոնավ անձեռոցիկ. Total products: 77
[197/248] Scraping category: Մազի պարագա, աքսեսուար (https://www.sas.am/catalog/hairaccessory/)
  Scraping page 1...
  Found 24 products on page 1.
  Scraping page 2...
  Found 7 products on page 2.
Finished category Մազի պարագա, աքսեսուար. Total products: 31
[198/248] Scraping category: Սպասքի համար (https://www.sas.am/catalog/fordishess/)
  Scraping page 1...
  Found 24 products on page 1.
  Scraping page 2...
  Found 24 products on page 2.
  Scraping page 3...
  Found 24 products on page 3.
  Scraping page 4...
  Found 1 products on page 4.
Finished category Սպասքի համար. Total products: 73
[199/248] Scraping category: Լվացքի համար (https://www.sas.am/catalog/forlaundryy/)
  Scraping page 1...
  Found 9 products on page 1.
Finished category Լվացքի համար. Total products: 9
[200/248] Scraping category: Ատամի մածուկ, խոզանակ (https://www.sas.am/catalog/toothpastebrush/)
  Scraping page 1...
  Found 24 products on page 1.
Finished category Ատամի մածուկ, խոզանակ. Total products: 24
[201/248] Scraping category: Կոսմետիկա, եղունգի խնամք (https://www.sas.am/catalog/cosmeticsbaby/)
  Scraping page 1...
  Found 24 products on page 1.
  Scraping page 2...
  Found 24 products on page 2.
  Scraping page 3...
  Found 24 products on page 3.
  Scraping page 4...
  Found 24 products on page 4.
  Scraping page 5...
  Found 24 products on page 5.
  Scraping page 6...
  Found 24 products on page 6.
Finished category Կոսմետիկա, եղունգի խնամք. Total products: 144
[202/248] Scraping category: Լոսյոն, յուղ, տալկ (https://www.sas.am/catalog/bodylotionoiltalc/)
  Scraping page 1...
  Found 24 products on page 1.
  Scraping page 2...
  Found 2 products on page 2.
Finished category Լոսյոն, յուղ, տալկ. Total products: 26
[203/248] Scraping category: Օճառ (https://www.sas.am/catalog/soapsoap/)
  Scraping page 1...
  Found 8 products on page 1.
Finished category Օճառ. Total products: 8
[204/248] Scraping category: Շամպուն, գել (https://www.sas.am/catalog/shampoogel/)
  Scraping page 1...
  Found 24 products on page 1.
  Scraping page 2...
  Found 24 products on page 2.
  Scraping page 3...
  Found 24 products on page 3.
  Scraping page 4...
  Found 9 products on page 4.
Finished category Շամպուն, գել. Total products: 81
[205/248] Scraping category: Անձեռոցիկ չոր (https://www.sas.am/catalog/salfetki/)
  Scraping page 1...
  Found 24 products on page 1.
  Scraping page 2...
  Found 24 products on page 2.
  Scraping page 3...
  Found 24 products on page 3.
  Scraping page 4...
  Found 24 products on page 4.
  Scraping page 5...
  Found 24 products on page 5.
  Scraping page 6...
  Found 24 products on page 6.
  Scraping page 7...
  Found 24 products on page 7.
  Scraping page 8...
  Found 24 products on page 8.
  Scraping page 9...
  Found 24 products on page 9.
  Scraping page 10...
  Found 24 products on page 10.
  Scraping page 11...
  Found 16 products on page 11.
Finished category Անձեռոցիկ չոր. Total products: 256
[206/248] Scraping category: Անձեռոցիկ խոնավ (https://www.sas.am/catalog/vetwip_es/)
  Scraping page 1...
  Found 24 products on page 1.
  Scraping page 2...
  Found 24 products on page 2.
  Scraping page 3...
  Found 14 products on page 3.
Finished category Անձեռոցիկ խոնավ. Total products: 62
[207/248] Scraping category: Թղթյա արտադրանք (https://www.sas.am/catalog/bumazhnye_izdeliya/)
  Scraping page 1...
  Found 24 products on page 1.
  Scraping page 2...
  Found 24 products on page 2.
  Scraping page 3...
  Found 24 products on page 3.
  Scraping page 4...
  Found 4 products on page 4.
Finished category Թղթյա արտադրանք. Total products: 76
[208/248] Scraping category: Զուգագուլպա, երկար կիսազուգագուլպա (https://www.sas.am/catalog/kolgotki_noski_golfy/)
  Scraping page 1...
  Found 24 products on page 1.
  Scraping page 2...
  Found 24 products on page 2.
  Scraping page 3...
  Found 24 products on page 3.
  Scraping page 4...
  Found 24 products on page 4.
  Scraping page 5...
  Found 24 products on page 5.
  Scraping page 6...
  Found 24 products on page 6.
  Scraping page 7...
  Found 24 products on page 7.
  Scraping page 8...
  Found 24 products on page 8.
  Scraping page 9...
  Found 24 products on page 9.
  Scraping page 10...
  Found 24 products on page 10.
  Scraping page 11...
  Found 24 products on page 11.
  Scraping page 12...
  Found 24 products on page 12.
  Scraping page 13...
  Found 24 products on page 13.
  Scraping page 14...
  Found 24 products on page 14.
  Scraping page 15...
  Found 24 products on page 15.
  Scraping page 16...
  Found 24 products on page 16.
  Scraping page 17...
  Found 24 products on page 17.
  Scraping page 18...
  Found 24 products on page 18.
  Scraping page 19...
  Found 24 products on page 19.
  Scraping page 20...
  Found 24 products on page 20.
  Scraping page 21...
  Found 24 products on page 21.
  Scraping page 22...
  Found 24 products on page 22.
  Scraping page 23...
  Found 24 products on page 23.
  Scraping page 24...
  Found 24 products on page 24.
  Scraping page 25...
  Found 24 products on page 25.
  Scraping page 26...
  Found 22 products on page 26.
Finished category Զուգագուլպա, երկար կիսազուգագուլպա. Total products: 622
[209/248] Scraping category: Տղամարդու ներքնազգեստ (https://www.sas.am/catalog/muzhskoe_bele_/)
  Scraping page 1...
  Found 24 products on page 1.
  Scraping page 2...
  Found 13 products on page 2.
Finished category Տղամարդու ներքնազգեստ. Total products: 37
[210/248] Scraping category: Կանացի ներքնազգեստ (https://www.sas.am/catalog/zhenskoe_bele/)
  Scraping page 1...
  Found 24 products on page 1.
  Scraping page 2...
  Found 1 products on page 2.
Finished category Կանացի ներքնազգեստ. Total products: 25
[211/248] Scraping category: Մանկական գալանտերեա (https://www.sas.am/catalog/detskaya_galantereya/)
  Scraping page 1...
  Found 14 products on page 1.
Finished category Մանկական գալանտերեա. Total products: 14
[212/248] Scraping category: Գուլպա, կիսազուգագուլպա (https://www.sas.am/catalog/noski_golfy/)
  Scraping page 1...
  Found 24 products on page 1.
  Scraping page 2...
  Found 24 products on page 2.
  Scraping page 3...
  Found 24 products on page 3.
  Scraping page 4...
  Found 21 products on page 4.
Finished category Գուլպա, կիսազուգագուլպա. Total products: 93
[213/248] Scraping category: Հողաթափ (https://www.sas.am/catalog/domashnyaya_odezhda_khalat_tapochki/)
  Scraping page 1...
  Found 5 products on page 1.
Finished category Հողաթափ. Total products: 5
[214/248] Scraping category: Սփռոց, սրբիչ (https://www.sas.am/catalog/skatert_polotentse_platok/)
  Scraping page 1...
  Found 24 products on page 1.
  Scraping page 2...
  Found 24 products on page 2.
Finished category Սփռոց, սրբիչ. Total products: 48
[215/248] Scraping category: Անձրևանոց-թիկնոց, պայուսակ, ծածկոց (https://www.sas.am/catalog/chemodany_sumki_zontiki/)
  Scraping page 1...
  Found 24 products on page 1.
  Scraping page 2...
  Found 7 products on page 2.
Finished category Անձրևանոց-թիկնոց, պայուսակ, ծածկոց. Total products: 31
[216/248] Scraping category: Խաղալիք նորածինների համար (https://www.sas.am/catalog/dlya_mladentsev/)
  Scraping page 1...
  Found 18 products on page 1.
Finished category Խաղալիք նորածինների համար. Total products: 18
[217/248] Scraping category: Խաղալիք աղջիկների համար (https://www.sas.am/catalog/dlya_devochek/)
  Scraping page 1...
  Found 24 products on page 1.
  Scraping page 2...
  Found 24 products on page 2.
  Scraping page 3...
  Found 24 products on page 3.
  Scraping page 4...
  Found 24 products on page 4.
  Scraping page 5...
  Found 24 products on page 5.
  Scraping page 6...
  Found 24 products on page 6.
  Scraping page 7...
  Found 20 products on page 7.
Finished category Խաղալիք աղջիկների համար. Total products: 164
[218/248] Scraping category: Խաղալիք տղաների համար (https://www.sas.am/catalog/dlya_malchikov/)
  Scraping page 1...
  Found 24 products on page 1.
  Scraping page 2...
  Found 24 products on page 2.
  Scraping page 3...
  Found 24 products on page 3.
  Scraping page 4...
  Found 24 products on page 4.
  Scraping page 5...
  Found 24 products on page 5.
  Scraping page 6...
  Found 24 products on page 6.
  Scraping page 7...
  Found 24 products on page 7.
  Scraping page 8...
  Found 24 products on page 8.
  Scraping page 9...
  Found 24 products on page 9.
  Scraping page 10...
  Found 24 products on page 10.
  Scraping page 11...
  Found 24 products on page 11.
Finished category Խաղալիք տղաների համար. Total products: 264
[219/248] Scraping category: Փափուկ խաղալիք (https://www.sas.am/catalog/myagkie_naduvnye/)
  Scraping page 1...
  Found 24 products on page 1.
  Scraping page 2...
  Found 24 products on page 2.
  Scraping page 3...
  Found 24 products on page 3.
  Scraping page 4...
  Found 24 products on page 4.
  Scraping page 5...
  Found 24 products on page 5.
  Scraping page 6...
  Found 15 products on page 6.
Finished category Փափուկ խաղալիք. Total products: 135
[220/248] Scraping category: Սպորտային, զինվորական խաղալիքներ (https://www.sas.am/catalog/sportivnye_voennye/)
  Scraping page 1...
  Found 2 products on page 1.
Finished category Սպորտային, զինվորական խաղալիքներ. Total products: 2
[221/248] Scraping category: Երաժշտական խաղալիքներ (https://www.sas.am/catalog/muzykalnye/)
  Scraping page 1...
  Found 5 products on page 1.
Finished category Երաժշտական խաղալիքներ. Total products: 5
[222/248] Scraping category: Սեղանի խաղեր (https://www.sas.am/catalog/nastolnye_igry/)
  Scraping page 1...
  Found 3 products on page 1.
Finished category Սեղանի խաղեր. Total products: 3
[223/248] Scraping category: Ճանաչողական, ինտելեկտուալ խաղ (https://www.sas.am/catalog/poznavatelnye_intellektualnye_igry/)
  Scraping page 1...
  Found 24 products on page 1.
  Scraping page 2...
  Found 24 products on page 2.
  Scraping page 3...
  Found 24 products on page 3.
  Scraping page 4...
  Found 24 products on page 4.
  Scraping page 5...
  Found 24 products on page 5.
  Scraping page 6...
  Found 24 products on page 6.
  Scraping page 7...
  Found 19 products on page 7.
Finished category Ճանաչողական, ինտելեկտուալ խաղ. Total products: 163
[224/248] Scraping category: Ջրային ատրճանակ, խաղալիքի հավաքածու (https://www.sas.am/catalog/drugie_igrushki/)
  Scraping page 1...
  Found 8 products on page 1.
Finished category Ջրային ատրճանակ, խաղալիքի հավաքածու. Total products: 8
[225/248] Scraping category: Պայուսակ, գրչատուփ (https://www.sas.am/catalog/sumka_ryukzak/)
  Scraping page 1...
  Found 24 products on page 1.
  Scraping page 2...
  Found 2 products on page 2.
Finished category Պայուսակ, գրչատուփ. Total products: 26
[226/248] Scraping category: Գրիչ (https://www.sas.am/catalog/ruchka_karandash/)
  Scraping page 1...
  Found 24 products on page 1.
  Scraping page 2...
  Found 24 products on page 2.
  Scraping page 3...
  Found 17 products on page 3.
Finished category Գրիչ. Total products: 65
[227/248] Scraping category: Տետր, օրագիր, թղթապանակ (https://www.sas.am/catalog/tetrad_dnevnik/)
  Scraping page 1...
  Found 24 products on page 1.
  Scraping page 2...
  Found 24 products on page 2.
  Scraping page 3...
  Found 24 products on page 3.
  Scraping page 4...
  Found 24 products on page 4.
  Scraping page 5...
  Found 21 products on page 5.
Finished category Տետր, օրագիր, թղթապանակ. Total products: 117
[228/248] Scraping category: Գրչատուփ, հավաքածու (https://www.sas.am/catalog/penal_nabory/)
  Scraping page 1...
  Found 5 products on page 1.
Finished category Գրչատուփ, հավաքածու. Total products: 5
[229/248] Scraping category: Գծագրության պարագա և հաշվիչ (https://www.sas.am/catalog/calculator/)
  Scraping page 1...
  Found 24 products on page 1.
  Scraping page 2...
  Found 7 products on page 2.
Finished category Գծագրության պարագա և հաշվիչ. Total products: 31
[230/248] Scraping category: Սրիչ, ռետին, շտկիչ, սոսինձ (https://www.sas.am/catalog/correctorglue/)
  Scraping page 1...
  Found 24 products on page 1.
  Scraping page 2...
  Found 24 products on page 2.
  Scraping page 3...
  Found 1 products on page 3.
Finished category Սրիչ, ռետին, շտկիչ, սոսինձ. Total products: 49
[231/248] Scraping category: Թուղթ գունավոր, պլաստիլին, մկրատ (https://www.sas.am/catalog/plasticinescissors/)
  Scraping page 1...
  Found 24 products on page 1.
  Scraping page 2...
  Found 24 products on page 2.
  Scraping page 3...
  Found 24 products on page 3.
  Scraping page 4...
  Found 24 products on page 4.
  Scraping page 5...
  Found 4 products on page 5.
Finished category Թուղթ գունավոր, պլաստիլին, մկրատ. Total products: 100
[232/248] Scraping category: Նկարչության համար (https://www.sas.am/catalog/vse_dlya_chercheniya/)
  Scraping page 1...
  Found 24 products on page 1.
  Scraping page 2...
  Found 24 products on page 2.
  Scraping page 3...
  Found 24 products on page 3.
  Scraping page 4...
  Found 24 products on page 4.
  Scraping page 5...
  Found 23 products on page 5.
  Scraping page 6...
  Found 22 products on page 6.
Finished category Նկարչության համար. Total products: 141
[233/248] Scraping category: Ամսագիր (https://www.sas.am/catalog/zhurnal_gazeta/)
  Scraping page 1...
  Found 24 products on page 1.
  Scraping page 2...
  Found 24 products on page 2.
  Scraping page 3...
  Found 24 products on page 3.
  Scraping page 4...
  Found 10 products on page 4.
Finished category Ամսագիր. Total products: 82
[234/248] Scraping category: Գիրք (https://www.sas.am/catalog/kniga/)
  Scraping page 1...
  Found 24 products on page 1.
  Scraping page 2...
  Found 24 products on page 2.
  Scraping page 3...
  Found 24 products on page 3.
  Scraping page 4...
  Found 12 products on page 4.
Finished category Գիրք. Total products: 84
[235/248] Scraping category: Խաչբառ (https://www.sas.am/catalog/otkrytka/)
  Scraping page 1...
  Found 13 products on page 1.
Finished category Խաչբառ. Total products: 13
[236/248] Scraping category: Ծաղիկ (https://www.sas.am/catalog/flowersas/)
  Scraping page 1...
  Found 24 products on page 1.
  Scraping page 2...
  Found 24 products on page 2.
  Scraping page 3...
  Found 24 products on page 3.
  Scraping page 4...
  Found 24 products on page 4.
  Scraping page 5...
  Found 24 products on page 5.
  Scraping page 6...
  Found 24 products on page 6.
  Scraping page 7...
  Found 24 products on page 7.
  Scraping page 8...
  Found 24 products on page 8.
  Scraping page 9...
  Found 24 products on page 9.
  Scraping page 10...
  Found 24 products on page 10.
  Scraping page 11...
  Found 24 products on page 11.
  Scraping page 12...
  Found 24 products on page 12.
  Scraping page 13...
  Found 24 products on page 13.
  Scraping page 14...
  Found 24 products on page 14.
  Scraping page 15...
  Found 24 products on page 15.
  Scraping page 16...
  Found 24 products on page 16.
  Scraping page 17...
  Found 24 products on page 17.
  Scraping page 18...
  Found 24 products on page 18.
  Scraping page 19...
  Found 24 products on page 19.
  Scraping page 20...
  Found 24 products on page 20.
  Scraping page 21...
  Found 24 products on page 21.
  Scraping page 22...
  Found 24 products on page 22.
  Scraping page 23...
  Found 24 products on page 23.
  Scraping page 24...
  Found 24 products on page 24.
  Scraping page 25...
  Found 24 products on page 25.
  Scraping page 26...
  Found 24 products on page 26.
  Scraping page 27...
  Found 24 products on page 27.
  Scraping page 28...
  Found 24 products on page 28.
  Scraping page 29...
  Found 24 products on page 29.
  Scraping page 30...
  Found 2 products on page 30.
Finished category Ծաղիկ. Total products: 698
[237/248] Scraping category: Նվեր (https://www.sas.am/catalog/podarki/)
  Scraping page 1...
  Found 24 products on page 1.
  Scraping page 2...
  Found 24 products on page 2.
  Scraping page 3...
  Found 24 products on page 3.
  Scraping page 4...
  Found 24 products on page 4.
  Scraping page 5...
  Found 24 products on page 5.
  Scraping page 6...
  Found 18 products on page 6.
Finished category Նվեր. Total products: 138
[238/248] Scraping category: Սեղանի պարագա (https://www.sas.am/catalog/stolovye_prinadlezhnosti/)
  Scraping page 1...
  Found 24 products on page 1.
  Scraping page 2...
  Found 24 products on page 2.
  Scraping page 3...
  Found 24 products on page 3.
  Scraping page 4...
  Found 24 products on page 4.
  Scraping page 5...
  Found 24 products on page 5.
  Scraping page 6...
  Found 24 products on page 6.
  Scraping page 7...
  Found 24 products on page 7.
  Scraping page 8...
  Found 24 products on page 8.
  Scraping page 9...
  Found 24 products on page 9.
  Scraping page 10...
  Found 24 products on page 10.
  Scraping page 11...
  Found 24 products on page 11.
  Scraping page 12...
  Found 24 products on page 12.
  Scraping page 13...
  Found 24 products on page 13.
  Scraping page 14...
  Found 24 products on page 14.
  Scraping page 15...
  Found 24 products on page 15.
  Scraping page 16...
  Found 24 products on page 16.
  Scraping page 17...
  Found 24 products on page 17.
  Scraping page 18...
  Found 24 products on page 18.
  Scraping page 19...
  Found 24 products on page 19.
  Scraping page 20...
  Found 24 products on page 20.
  Scraping page 21...
  Found 24 products on page 21.
  Scraping page 22...
  Found 24 products on page 22.
  Scraping page 23...
  Found 24 products on page 23.
  Scraping page 24...
  Found 24 products on page 24.
  Scraping page 25...
  Found 24 products on page 25.
  Scraping page 26...
  Found 24 products on page 26.
  Scraping page 27...
  Found 24 products on page 27.
  Scraping page 28...
  Found 24 products on page 28.
  Scraping page 29...
  Found 24 products on page 29.
  Scraping page 30...
  Found 24 products on page 30.
  Scraping page 31...
  Found 24 products on page 31.
  Scraping page 32...
  Found 24 products on page 32.
  Scraping page 33...
  Found 24 products on page 33.
  Scraping page 34...
  Found 24 products on page 34.
  Scraping page 35...
  Found 24 products on page 35.
  Scraping page 36...
  Found 24 products on page 36.
  Scraping page 37...
  Found 24 products on page 37.
  Scraping page 38...
  Found 24 products on page 38.
  Scraping page 39...
  Found 24 products on page 39.
  Scraping page 40...
  Found 24 products on page 40.
  Scraping page 41...
  Found 24 products on page 41.
  Scraping page 42...
  Found 24 products on page 42.
  Scraping page 43...
  Found 24 products on page 43.
  Scraping page 44...
  Found 12 products on page 44.
Finished category Սեղանի պարագա. Total products: 1044
[239/248] Scraping category: Խոհանոցային պարագա (https://www.sas.am/catalog/kukhonnye_prinadlezhnosti/)
  Scraping page 1...
  Found 24 products on page 1.
  Scraping page 2...
  Found 24 products on page 2.
  Scraping page 3...
  Found 24 products on page 3.
  Scraping page 4...
  Found 24 products on page 4.
  Scraping page 5...
  Found 24 products on page 5.
  Scraping page 6...
  Found 24 products on page 6.
  Scraping page 7...
  Found 24 products on page 7.
  Scraping page 8...
  Found 24 products on page 8.
  Scraping page 9...
  Found 24 products on page 9.
  Scraping page 10...
  Found 24 products on page 10.
  Scraping page 11...
  Found 19 products on page 11.
Finished category Խոհանոցային պարագա. Total products: 259
[240/248] Scraping category: Մեկանգամյա օգտագործման սպասք (https://www.sas.am/catalog/odnorazovaya/)
  Scraping page 1...
  Found 24 products on page 1.
  Scraping page 2...
  Found 24 products on page 2.
  Scraping page 3...
  Found 24 products on page 3.
  Scraping page 4...
  Found 24 products on page 4.
  Scraping page 5...
  Found 24 products on page 5.
  Scraping page 6...
  Found 4 products on page 6.
Finished category Մեկանգամյա օգտագործման սպասք. Total products: 124
[241/248] Scraping category: Պլաստմասե  սպասք (https://www.sas.am/catalog/plastmassovaya_posuda/)
  Scraping page 1...
  Found 15 products on page 1.
Finished category Պլաստմասե  սպասք. Total products: 15
[242/248] Scraping category: Մոմ և հրավառություն (https://www.sas.am/catalog/svechi_fakel/)
  Scraping page 1...
  Found 24 products on page 1.
  Scraping page 2...
  Found 24 products on page 2.
  Scraping page 3...
  Found 24 products on page 3.
  Scraping page 4...
  Found 24 products on page 4.
  Scraping page 5...
  Found 24 products on page 5.
  Scraping page 6...
  Found 24 products on page 6.
  Scraping page 7...
  Found 24 products on page 7.
  Scraping page 8...
  Found 24 products on page 8.
  Scraping page 9...
  Found 24 products on page 9.
  Scraping page 10...
  Found 24 products on page 10.
  Scraping page 11...
  Found 24 products on page 11.
  Scraping page 12...
  Found 24 products on page 12.
  Scraping page 13...
  Found 24 products on page 13.
  Scraping page 14...
  Found 24 products on page 14.
  Scraping page 15...
  Found 24 products on page 15.
  Scraping page 16...
  Found 24 products on page 16.
  Scraping page 17...
  Found 5 products on page 17.
Finished category Մոմ և հրավառություն. Total products: 389
[243/248] Scraping category: Ճայթռուկ (https://www.sas.am/catalog/khlopushki_salyuty/)
  Scraping page 1...
  Found 7 products on page 1.
Finished category Ճայթռուկ. Total products: 7
[244/248] Scraping category: Տոնական զարդարանք, պիկնիկ (https://www.sas.am/catalog/drugie_prazdnik_piknik/)
  Scraping page 1...
  Found 24 products on page 1.
  Scraping page 2...
  Found 24 products on page 2.
  Scraping page 3...
  Found 24 products on page 3.
  Scraping page 4...
  Found 21 products on page 4.
Finished category Տոնական զարդարանք, պիկնիկ. Total products: 93
[245/248] Scraping category: Համակարգչային տեխնիկա, աքսեսուար (https://www.sas.am/catalog/telefon_telefonnye_aksessuary/)
  Scraping page 1...
  Found 24 products on page 1.
  Scraping page 2...
  Found 24 products on page 2.
  Scraping page 3...
  Found 24 products on page 3.
  Scraping page 4...
  Found 24 products on page 4.
  Scraping page 5...
  Found 24 products on page 5.
  Scraping page 6...
  Found 12 products on page 6.
Finished category Համակարգչային տեխնիկա, աքսեսուար. Total products: 132
[246/248] Scraping category: Էլեկտրական սարքավորում (https://www.sas.am/catalog/_personal_care_equipments/)
  Scraping page 1...
  Found 24 products on page 1.
  Scraping page 2...
  Found 24 products on page 2.
Finished category Էլեկտրական սարքավորում. Total products: 48
[247/248] Scraping category: Մարտկոց (https://www.sas.am/catalog/batareyka/)
  Scraping page 1...
  Found 24 products on page 1.
  Scraping page 2...
  Found 24 products on page 2.
  Scraping page 3...
  Found 16 products on page 3.
Finished category Մարտկոց. Total products: 64
[248/248] Scraping category: Լամպ, վարդակ, երկարացման լար, անջատիչ (https://www.sas.am/catalog/lampochka2/)
  Scraping page 1...
  Found 24 products on page 1.
  Scraping page 2...
  Found 24 products on page 2.
  Scraping page 3...
  Found 8 products on page 3.
Finished category Լամպ, վարդակ, երկարացման լար, անջատիչ. Total products: 56
Scraped total 23333 products. Saved to /home/codeex/Projects/product-aggregator/data/products_all.json
